INFO - Running compliance on file: /results/260510074732325963476_1.log
INFO -  Compliance checks: training_6.0.0/common.yaml
INFO -  Compliance checks: training_6.0.0/closed_common.yaml
INFO -  Compliance checks: training_6.0.0/closed_llama31_8b.yaml
INFO - SUCCESS
INFO - Running compliance on file: /results/260510074732325963476_2.log
INFO -  Compliance checks: training_6.0.0/common.yaml
INFO -  Compliance checks: training_6.0.0/closed_common.yaml
INFO -  Compliance checks: training_6.0.0/closed_llama31_8b.yaml
INFO - SUCCESS
INFO - Running compliance on file: /results/260510074732325963476_3.log
INFO -  Compliance checks: training_6.0.0/common.yaml
INFO -  Compliance checks: training_6.0.0/closed_common.yaml
INFO -  Compliance checks: training_6.0.0/closed_llama31_8b.yaml
INFO - SUCCESS
INFO - Running compliance on file: /results/260510074732325963476_4.log
INFO -  Compliance checks: training_6.0.0/common.yaml
INFO -  Compliance checks: training_6.0.0/closed_common.yaml
INFO -  Compliance checks: training_6.0.0/closed_llama31_8b.yaml
INFO - SUCCESS
INFO - Running compliance on file: /results/260510074732325963476_5.log
INFO -  Compliance checks: training_6.0.0/common.yaml
INFO -  Compliance checks: training_6.0.0/closed_common.yaml
INFO -  Compliance checks: training_6.0.0/closed_llama31_8b.yaml
INFO - SUCCESS
INFO - Running compliance on file: /results/260510074732325963476_6.log
INFO -  Compliance checks: training_6.0.0/common.yaml
INFO -  Compliance checks: training_6.0.0/closed_common.yaml
INFO -  Compliance checks: training_6.0.0/closed_llama31_8b.yaml
INFO - SUCCESS
INFO - Running compliance on file: /results/260510074732325963476_7.log
INFO -  Compliance checks: training_6.0.0/common.yaml
INFO -  Compliance checks: training_6.0.0/closed_common.yaml
INFO -  Compliance checks: training_6.0.0/closed_llama31_8b.yaml
INFO - SUCCESS
INFO - Running compliance on file: /results/260510074732325963476_8.log
INFO -  Compliance checks: training_6.0.0/common.yaml
INFO -  Compliance checks: training_6.0.0/closed_common.yaml
INFO -  Compliance checks: training_6.0.0/closed_llama31_8b.yaml
INFO - SUCCESS
INFO - Running compliance on file: /results/260510074732325963476_9.log
INFO -  Compliance checks: training_6.0.0/common.yaml
INFO -  Compliance checks: training_6.0.0/closed_common.yaml
INFO -  Compliance checks: training_6.0.0/closed_llama31_8b.yaml
INFO - SUCCESS
INFO - Running compliance on file: /results/260510074732325963476_10.log
INFO -  Compliance checks: training_6.0.0/common.yaml
INFO -  Compliance checks: training_6.0.0/closed_common.yaml
INFO -  Compliance checks: training_6.0.0/closed_llama31_8b.yaml
INFO - SUCCESS
