INFO - Running compliance on file: /results/260506045816149623330_1.log
INFO -  Compliance checks: training_6.0.0/common.yaml
INFO -  Compliance checks: training_6.0.0/closed_common.yaml
INFO -  Compliance checks: training_6.0.0/closed_llama31_8b.yaml
INFO - SUCCESS
INFO - Running compliance on file: /results/260506045816149623330_2.log
INFO -  Compliance checks: training_6.0.0/common.yaml
INFO -  Compliance checks: training_6.0.0/closed_common.yaml
INFO -  Compliance checks: training_6.0.0/closed_llama31_8b.yaml
INFO - SUCCESS
INFO - Running compliance on file: /results/260506045816149623330_3.log
INFO -  Compliance checks: training_6.0.0/common.yaml
INFO -  Compliance checks: training_6.0.0/closed_common.yaml
INFO -  Compliance checks: training_6.0.0/closed_llama31_8b.yaml
INFO - SUCCESS
INFO - Running compliance on file: /results/260506045816149623330_4.log
INFO -  Compliance checks: training_6.0.0/common.yaml
INFO -  Compliance checks: training_6.0.0/closed_common.yaml
INFO -  Compliance checks: training_6.0.0/closed_llama31_8b.yaml
INFO - SUCCESS
INFO - Running compliance on file: /results/260506045816149623330_5.log
INFO -  Compliance checks: training_6.0.0/common.yaml
INFO -  Compliance checks: training_6.0.0/closed_common.yaml
INFO -  Compliance checks: training_6.0.0/closed_llama31_8b.yaml
INFO - SUCCESS
INFO - Running compliance on file: /results/260506045816149623330_6.log
INFO -  Compliance checks: training_6.0.0/common.yaml
INFO -  Compliance checks: training_6.0.0/closed_common.yaml
INFO -  Compliance checks: training_6.0.0/closed_llama31_8b.yaml
INFO - SUCCESS
INFO - Running compliance on file: /results/260506045816149623330_7.log
INFO -  Compliance checks: training_6.0.0/common.yaml
INFO -  Compliance checks: training_6.0.0/closed_common.yaml
INFO -  Compliance checks: training_6.0.0/closed_llama31_8b.yaml
INFO - SUCCESS
INFO - Running compliance on file: /results/260506045816149623330_8.log
INFO -  Compliance checks: training_6.0.0/common.yaml
INFO -  Compliance checks: training_6.0.0/closed_common.yaml
INFO -  Compliance checks: training_6.0.0/closed_llama31_8b.yaml
INFO - SUCCESS
INFO - Running compliance on file: /results/260506045816149623330_9.log
INFO -  Compliance checks: training_6.0.0/common.yaml
INFO -  Compliance checks: training_6.0.0/closed_common.yaml
INFO -  Compliance checks: training_6.0.0/closed_llama31_8b.yaml
INFO - SUCCESS
INFO - Running compliance on file: /results/260506045816149623330_10.log
INFO -  Compliance checks: training_6.0.0/common.yaml
INFO -  Compliance checks: training_6.0.0/closed_common.yaml
INFO -  Compliance checks: training_6.0.0/closed_llama31_8b.yaml
INFO - SUCCESS
