INFO -  Checking System Description Files
INFO -   System description checker passed for P9000IG7 (8x B300-SXM-270GB)
INFO - ------------------------------
INFO -  Running compliance checks in dir /mnt/jkjung/submission_training_v6.0/Inventec/results/P9000IG7_ngc26.04_nemo/llama31_8b
INFO -  System P9000IG7_ngc26.04_nemo
INFO -  Benchmark llama31_8b
INFO - ------------------------------
INFO - ------------------------------
INFO - Run 1/10
INFO - Running compliance on file: /mnt/jkjung/submission_training_v6.0/Inventec/results/P9000IG7_ngc26.04_nemo/llama31_8b/result_0.txt
INFO -  Compliance checks: training_6.0.0/common.yaml
INFO -  Compliance checks: training_6.0.0/closed_common.yaml
INFO -  Compliance checks: training_6.0.0/closed_llama31_8b.yaml
INFO - ------------------------------
INFO - Run 2/10
INFO - Running compliance on file: /mnt/jkjung/submission_training_v6.0/Inventec/results/P9000IG7_ngc26.04_nemo/llama31_8b/result_1.txt
INFO -  Compliance checks: training_6.0.0/common.yaml
INFO -  Compliance checks: training_6.0.0/closed_common.yaml
INFO -  Compliance checks: training_6.0.0/closed_llama31_8b.yaml
INFO - ------------------------------
INFO - Run 3/10
INFO - Running compliance on file: /mnt/jkjung/submission_training_v6.0/Inventec/results/P9000IG7_ngc26.04_nemo/llama31_8b/result_2.txt
INFO -  Compliance checks: training_6.0.0/common.yaml
INFO -  Compliance checks: training_6.0.0/closed_common.yaml
INFO -  Compliance checks: training_6.0.0/closed_llama31_8b.yaml
INFO - ------------------------------
INFO - Run 4/10
INFO - Running compliance on file: /mnt/jkjung/submission_training_v6.0/Inventec/results/P9000IG7_ngc26.04_nemo/llama31_8b/result_3.txt
INFO -  Compliance checks: training_6.0.0/common.yaml
INFO -  Compliance checks: training_6.0.0/closed_common.yaml
INFO -  Compliance checks: training_6.0.0/closed_llama31_8b.yaml
INFO - ------------------------------
INFO - Run 5/10
INFO - Running compliance on file: /mnt/jkjung/submission_training_v6.0/Inventec/results/P9000IG7_ngc26.04_nemo/llama31_8b/result_4.txt
INFO -  Compliance checks: training_6.0.0/common.yaml
INFO -  Compliance checks: training_6.0.0/closed_common.yaml
INFO -  Compliance checks: training_6.0.0/closed_llama31_8b.yaml
INFO - ------------------------------
INFO - Run 6/10
INFO - Running compliance on file: /mnt/jkjung/submission_training_v6.0/Inventec/results/P9000IG7_ngc26.04_nemo/llama31_8b/result_5.txt
INFO -  Compliance checks: training_6.0.0/common.yaml
INFO -  Compliance checks: training_6.0.0/closed_common.yaml
INFO -  Compliance checks: training_6.0.0/closed_llama31_8b.yaml
INFO - ------------------------------
INFO - Run 7/10
INFO - Running compliance on file: /mnt/jkjung/submission_training_v6.0/Inventec/results/P9000IG7_ngc26.04_nemo/llama31_8b/result_6.txt
INFO -  Compliance checks: training_6.0.0/common.yaml
INFO -  Compliance checks: training_6.0.0/closed_common.yaml
INFO -  Compliance checks: training_6.0.0/closed_llama31_8b.yaml
INFO - ------------------------------
INFO - Run 8/10
INFO - Running compliance on file: /mnt/jkjung/submission_training_v6.0/Inventec/results/P9000IG7_ngc26.04_nemo/llama31_8b/result_7.txt
INFO -  Compliance checks: training_6.0.0/common.yaml
INFO -  Compliance checks: training_6.0.0/closed_common.yaml
INFO -  Compliance checks: training_6.0.0/closed_llama31_8b.yaml
INFO - ------------------------------
INFO - Run 9/10
INFO - Running compliance on file: /mnt/jkjung/submission_training_v6.0/Inventec/results/P9000IG7_ngc26.04_nemo/llama31_8b/result_8.txt
INFO -  Compliance checks: training_6.0.0/common.yaml
INFO -  Compliance checks: training_6.0.0/closed_common.yaml
INFO -  Compliance checks: training_6.0.0/closed_llama31_8b.yaml
INFO - ------------------------------
INFO - Run 10/10
INFO - Running compliance on file: /mnt/jkjung/submission_training_v6.0/Inventec/results/P9000IG7_ngc26.04_nemo/llama31_8b/result_9.txt
INFO -  Compliance checks: training_6.0.0/common.yaml
INFO -  Compliance checks: training_6.0.0/closed_common.yaml
INFO -  Compliance checks: training_6.0.0/closed_llama31_8b.yaml
INFO - ------------------------------
INFO -  Running Seed Checker
INFO - ------------------------------
INFO -  Running RCP Checker, pass: pruned_rcps
INFO - ------------------------------
INFO -  RCP Record: {'Benchmark': 'llama31_8b', 'BS': 16, 'Hyperparams': {'opt_base_learning_rate': 0.0004, 'opt_learning_rate_warmup_samples': 256, 'gradient_accumulation_steps': 1}, 'Epochs to converge': [159744, 159744, 159744, 159744, 159744, 159744, 159744, 159744, 159744, 159744, 159744, 159744, 159744, 159744, 159744, 159744, 159744, 172032, 172032, 172032], 'RCP Mean': np.float64(161109.33333333334), 'RCP Stdev': np.float64(4387.693626496726), 'Max Speedup': np.float64(1.0201988160016358), 'Min Epochs': np.float64(157919.5454909007)}
INFO -  Submission mean epochs: 172032.0000
INFO - RCP Test Passed: RCP found
INFO - ------------------------------
INFO - ------------------------------
INFO -  Running compliance checks in dir /mnt/jkjung/submission_training_v6.0/Inventec/results/P9000IG7_ngc26.04_nemo/gpt_oss_20b
INFO -  System P9000IG7_ngc26.04_nemo
INFO -  Benchmark gpt_oss_20b
INFO - ------------------------------
WARNING - Detected 11 total files in directory /mnt/jkjung/submission_training_v6.0/Inventec/results/P9000IG7_ngc26.04_nemo/gpt_oss_20b, but some do not conform to naming convention, should you rename them to result_*.txt ?
WARNING - Unknown files in result directory: /mnt/jkjung/submission_training_v6.0/Inventec/results/P9000IG7_ngc26.04_nemo/gpt_oss_20b
INFO - ------------------------------
INFO - Run 1/10
INFO - Running compliance on file: /mnt/jkjung/submission_training_v6.0/Inventec/results/P9000IG7_ngc26.04_nemo/gpt_oss_20b/result_0.txt
INFO -  Compliance checks: training_6.0.0/common.yaml
INFO -  Compliance checks: training_6.0.0/closed_common.yaml
INFO -  Compliance checks: training_6.0.0/closed_gpt_oss_20b.yaml
INFO - ------------------------------
INFO - Run 2/10
INFO - Running compliance on file: /mnt/jkjung/submission_training_v6.0/Inventec/results/P9000IG7_ngc26.04_nemo/gpt_oss_20b/result_1.txt
INFO -  Compliance checks: training_6.0.0/common.yaml
INFO -  Compliance checks: training_6.0.0/closed_common.yaml
INFO -  Compliance checks: training_6.0.0/closed_gpt_oss_20b.yaml
INFO - ------------------------------
INFO - Run 3/10
INFO - Running compliance on file: /mnt/jkjung/submission_training_v6.0/Inventec/results/P9000IG7_ngc26.04_nemo/gpt_oss_20b/result_2.txt
INFO -  Compliance checks: training_6.0.0/common.yaml
INFO -  Compliance checks: training_6.0.0/closed_common.yaml
INFO -  Compliance checks: training_6.0.0/closed_gpt_oss_20b.yaml
INFO - ------------------------------
INFO - Run 4/10
INFO - Running compliance on file: /mnt/jkjung/submission_training_v6.0/Inventec/results/P9000IG7_ngc26.04_nemo/gpt_oss_20b/result_3.txt
INFO -  Compliance checks: training_6.0.0/common.yaml
INFO -  Compliance checks: training_6.0.0/closed_common.yaml
INFO -  Compliance checks: training_6.0.0/closed_gpt_oss_20b.yaml
INFO - ------------------------------
INFO - Run 5/10
INFO - Running compliance on file: /mnt/jkjung/submission_training_v6.0/Inventec/results/P9000IG7_ngc26.04_nemo/gpt_oss_20b/result_4.txt
INFO -  Compliance checks: training_6.0.0/common.yaml
INFO -  Compliance checks: training_6.0.0/closed_common.yaml
INFO -  Compliance checks: training_6.0.0/closed_gpt_oss_20b.yaml
INFO - ------------------------------
INFO - Run 6/10
INFO - Running compliance on file: /mnt/jkjung/submission_training_v6.0/Inventec/results/P9000IG7_ngc26.04_nemo/gpt_oss_20b/result_5.txt
INFO -  Compliance checks: training_6.0.0/common.yaml
INFO -  Compliance checks: training_6.0.0/closed_common.yaml
INFO -  Compliance checks: training_6.0.0/closed_gpt_oss_20b.yaml
INFO - ------------------------------
INFO - Run 7/10
INFO - Running compliance on file: /mnt/jkjung/submission_training_v6.0/Inventec/results/P9000IG7_ngc26.04_nemo/gpt_oss_20b/result_6.txt
INFO -  Compliance checks: training_6.0.0/common.yaml
INFO -  Compliance checks: training_6.0.0/closed_common.yaml
INFO -  Compliance checks: training_6.0.0/closed_gpt_oss_20b.yaml
INFO - ------------------------------
INFO - Run 8/10
INFO - Running compliance on file: /mnt/jkjung/submission_training_v6.0/Inventec/results/P9000IG7_ngc26.04_nemo/gpt_oss_20b/result_7.txt
INFO -  Compliance checks: training_6.0.0/common.yaml
INFO -  Compliance checks: training_6.0.0/closed_common.yaml
INFO -  Compliance checks: training_6.0.0/closed_gpt_oss_20b.yaml
INFO - ------------------------------
INFO - Run 9/10
INFO - Running compliance on file: /mnt/jkjung/submission_training_v6.0/Inventec/results/P9000IG7_ngc26.04_nemo/gpt_oss_20b/result_8.txt
INFO -  Compliance checks: training_6.0.0/common.yaml
INFO -  Compliance checks: training_6.0.0/closed_common.yaml
INFO -  Compliance checks: training_6.0.0/closed_gpt_oss_20b.yaml
INFO - ------------------------------
INFO - Run 10/10
INFO - Running compliance on file: /mnt/jkjung/submission_training_v6.0/Inventec/results/P9000IG7_ngc26.04_nemo/gpt_oss_20b/result_9.txt
INFO -  Compliance checks: training_6.0.0/common.yaml
INFO -  Compliance checks: training_6.0.0/closed_common.yaml
INFO -  Compliance checks: training_6.0.0/closed_gpt_oss_20b.yaml
INFO - ------------------------------
INFO -  Running Seed Checker
INFO - ------------------------------
INFO -  Running RCP Checker, pass: pruned_rcps
INFO - ------------------------------
INFO -  RCP Record: {'Benchmark': 'gpt_oss_20b', 'BS': 24, 'Hyperparams': {}, 'Epochs to converge': [], 'RCP Mean': np.float64(212309.33333333334), 'RCP Stdev': np.float64(9159.260465576144), 'Max Speedup': np.float64(1.0317592672875624), 'Min Epochs': np.float64(205774.09873088202)}
INFO -  Submission mean epochs: 205824.0000
INFO -  Submission mean epochs faster than RCP mean but within max speedup range. Score should be normalized by factor of 212309.33333333334 / 205824.0 = 1.0315091210613598
INFO -  Results scaling set to normalization factor of 1.0315
INFO - RCP Test Passed: RCP Interpolation
INFO - ------------------------------
INFO - ------------------------------
INFO -  Running compliance checks in dir /mnt/jkjung/submission_training_v6.0/Inventec/results/P9000IG7_ngc26.04_nemo/llama2_70b_lora
INFO -  System P9000IG7_ngc26.04_nemo
INFO -  Benchmark llama2_70b_lora
INFO - ------------------------------
WARNING - Detected 11 total files in directory /mnt/jkjung/submission_training_v6.0/Inventec/results/P9000IG7_ngc26.04_nemo/llama2_70b_lora, but some do not conform to naming convention, should you rename them to result_*.txt ?
WARNING - Unknown files in result directory: /mnt/jkjung/submission_training_v6.0/Inventec/results/P9000IG7_ngc26.04_nemo/llama2_70b_lora
INFO - ------------------------------
INFO - Run 1/10
INFO - Running compliance on file: /mnt/jkjung/submission_training_v6.0/Inventec/results/P9000IG7_ngc26.04_nemo/llama2_70b_lora/result_0.txt
INFO -  Compliance checks: training_6.0.0/common.yaml
INFO -  Compliance checks: training_6.0.0/closed_common.yaml
INFO -  Compliance checks: training_6.0.0/closed_llama2_70b_lora.yaml
INFO - ------------------------------
INFO - Run 2/10
INFO - Running compliance on file: /mnt/jkjung/submission_training_v6.0/Inventec/results/P9000IG7_ngc26.04_nemo/llama2_70b_lora/result_1.txt
INFO -  Compliance checks: training_6.0.0/common.yaml
INFO -  Compliance checks: training_6.0.0/closed_common.yaml
INFO -  Compliance checks: training_6.0.0/closed_llama2_70b_lora.yaml
INFO - ------------------------------
INFO - Run 3/10
INFO - Running compliance on file: /mnt/jkjung/submission_training_v6.0/Inventec/results/P9000IG7_ngc26.04_nemo/llama2_70b_lora/result_2.txt
INFO -  Compliance checks: training_6.0.0/common.yaml
INFO -  Compliance checks: training_6.0.0/closed_common.yaml
INFO -  Compliance checks: training_6.0.0/closed_llama2_70b_lora.yaml
INFO - ------------------------------
INFO - Run 4/10
INFO - Running compliance on file: /mnt/jkjung/submission_training_v6.0/Inventec/results/P9000IG7_ngc26.04_nemo/llama2_70b_lora/result_3.txt
INFO -  Compliance checks: training_6.0.0/common.yaml
INFO -  Compliance checks: training_6.0.0/closed_common.yaml
INFO -  Compliance checks: training_6.0.0/closed_llama2_70b_lora.yaml
INFO - ------------------------------
INFO - Run 5/10
INFO - Running compliance on file: /mnt/jkjung/submission_training_v6.0/Inventec/results/P9000IG7_ngc26.04_nemo/llama2_70b_lora/result_4.txt
INFO -  Compliance checks: training_6.0.0/common.yaml
INFO -  Compliance checks: training_6.0.0/closed_common.yaml
INFO -  Compliance checks: training_6.0.0/closed_llama2_70b_lora.yaml
INFO - ------------------------------
INFO - Run 6/10
INFO - Running compliance on file: /mnt/jkjung/submission_training_v6.0/Inventec/results/P9000IG7_ngc26.04_nemo/llama2_70b_lora/result_5.txt
INFO -  Compliance checks: training_6.0.0/common.yaml
INFO -  Compliance checks: training_6.0.0/closed_common.yaml
INFO -  Compliance checks: training_6.0.0/closed_llama2_70b_lora.yaml
INFO - ------------------------------
INFO - Run 7/10
INFO - Running compliance on file: /mnt/jkjung/submission_training_v6.0/Inventec/results/P9000IG7_ngc26.04_nemo/llama2_70b_lora/result_6.txt
INFO -  Compliance checks: training_6.0.0/common.yaml
INFO -  Compliance checks: training_6.0.0/closed_common.yaml
INFO -  Compliance checks: training_6.0.0/closed_llama2_70b_lora.yaml
INFO - ------------------------------
INFO - Run 8/10
INFO - Running compliance on file: /mnt/jkjung/submission_training_v6.0/Inventec/results/P9000IG7_ngc26.04_nemo/llama2_70b_lora/result_7.txt
INFO -  Compliance checks: training_6.0.0/common.yaml
INFO -  Compliance checks: training_6.0.0/closed_common.yaml
INFO -  Compliance checks: training_6.0.0/closed_llama2_70b_lora.yaml
INFO - ------------------------------
INFO - Run 9/10
INFO - Running compliance on file: /mnt/jkjung/submission_training_v6.0/Inventec/results/P9000IG7_ngc26.04_nemo/llama2_70b_lora/result_8.txt
INFO -  Compliance checks: training_6.0.0/common.yaml
INFO -  Compliance checks: training_6.0.0/closed_common.yaml
INFO -  Compliance checks: training_6.0.0/closed_llama2_70b_lora.yaml
INFO - ------------------------------
INFO - Run 10/10
INFO - Running compliance on file: /mnt/jkjung/submission_training_v6.0/Inventec/results/P9000IG7_ngc26.04_nemo/llama2_70b_lora/result_9.txt
INFO -  Compliance checks: training_6.0.0/common.yaml
INFO -  Compliance checks: training_6.0.0/closed_common.yaml
INFO -  Compliance checks: training_6.0.0/closed_llama2_70b_lora.yaml
INFO - ------------------------------
INFO -  Running Seed Checker
INFO - ------------------------------
INFO -  Running RCP Checker, pass: pruned_rcps
INFO - ------------------------------
INFO -  RCP Record: {'Benchmark': 'llama2_70b_lora', 'BS': 8, 'Hyperparams': {'opt_base_learning_rate': 0.0004, 'opt_max_grad_norm': 0.3, 'opt_learning_rate_warmup_epochs': 0, 'opt_learning_rate_decay_boundary_epochs': [], 'gradient_accumulation_steps': 1, 'lora_r': 16, 'lora_alpha': 32, 'max_steps': 1024}, 'Epochs to converge': [2688, 2688, 2688, 3072, 3072, 3072, 3072, 3072, 3072, 3072, 3072, 3072, 3456, 3456, 3456, 3456, 3456, 3456, 3456, 3840], 'RCP Mean': np.float64(3178.6666666666665), 'RCP Stdev': np.float64(299.91358755481554), 'Max Speedup': np.float64(1.0736439248523562), 'Min Epochs': np.float64(2960.6339616775513)}
INFO -  Submission mean epochs: 3072.0000
INFO -  Submission mean epochs faster than RCP mean but within max speedup range. Score should be normalized by factor of 3178.6666666666665 / 3072.0 = 1.034722222222222
INFO -  Results scaling set to normalization factor of 1.0347
INFO - RCP Test Passed: RCP found
INFO - ------------------------------
INFO - ------------------------------
INFO - PACKAGE CHECKER FOUND NO ERRORS, SUCCESS !
INFO - ------------------------------
