INFO -  Checking System Description Files
INFO -   System description checker passed for G894-SD3-AAX7
INFO -   System description checker passed for G894-SD3-AAX7
INFO - ------------------------------
INFO -  Running compliance checks in dir /data/training_v6.0/GigaComputing/results/G894-SD3-AAX7_hugectr/dlrm_dcnv2
INFO -  System G894-SD3-AAX7_hugectr
INFO -  Benchmark dlrm_dcnv2
INFO - ------------------------------
INFO - ------------------------------
INFO - Run 1/10
INFO - Running compliance on file: /data/training_v6.0/GigaComputing/results/G894-SD3-AAX7_hugectr/dlrm_dcnv2/result_0.txt
INFO -  Compliance checks: training_6.0.0/common.yaml
INFO -  Compliance checks: training_6.0.0/closed_common.yaml
INFO -  Compliance checks: training_6.0.0/closed_dlrm_dcnv2.yaml
INFO - ------------------------------
INFO - Run 2/10
INFO - Running compliance on file: /data/training_v6.0/GigaComputing/results/G894-SD3-AAX7_hugectr/dlrm_dcnv2/result_1.txt
INFO -  Compliance checks: training_6.0.0/common.yaml
INFO -  Compliance checks: training_6.0.0/closed_common.yaml
INFO -  Compliance checks: training_6.0.0/closed_dlrm_dcnv2.yaml
INFO - ------------------------------
INFO - Run 3/10
INFO - Running compliance on file: /data/training_v6.0/GigaComputing/results/G894-SD3-AAX7_hugectr/dlrm_dcnv2/result_2.txt
INFO -  Compliance checks: training_6.0.0/common.yaml
INFO -  Compliance checks: training_6.0.0/closed_common.yaml
INFO -  Compliance checks: training_6.0.0/closed_dlrm_dcnv2.yaml
INFO - ------------------------------
INFO - Run 4/10
INFO - Running compliance on file: /data/training_v6.0/GigaComputing/results/G894-SD3-AAX7_hugectr/dlrm_dcnv2/result_3.txt
INFO -  Compliance checks: training_6.0.0/common.yaml
INFO -  Compliance checks: training_6.0.0/closed_common.yaml
INFO -  Compliance checks: training_6.0.0/closed_dlrm_dcnv2.yaml
INFO - ------------------------------
INFO - Run 5/10
INFO - Running compliance on file: /data/training_v6.0/GigaComputing/results/G894-SD3-AAX7_hugectr/dlrm_dcnv2/result_4.txt
INFO -  Compliance checks: training_6.0.0/common.yaml
INFO -  Compliance checks: training_6.0.0/closed_common.yaml
INFO -  Compliance checks: training_6.0.0/closed_dlrm_dcnv2.yaml
INFO - ------------------------------
INFO - Run 6/10
INFO - Running compliance on file: /data/training_v6.0/GigaComputing/results/G894-SD3-AAX7_hugectr/dlrm_dcnv2/result_5.txt
INFO -  Compliance checks: training_6.0.0/common.yaml
INFO -  Compliance checks: training_6.0.0/closed_common.yaml
INFO -  Compliance checks: training_6.0.0/closed_dlrm_dcnv2.yaml
INFO - ------------------------------
INFO - Run 7/10
INFO - Running compliance on file: /data/training_v6.0/GigaComputing/results/G894-SD3-AAX7_hugectr/dlrm_dcnv2/result_6.txt
INFO -  Compliance checks: training_6.0.0/common.yaml
INFO -  Compliance checks: training_6.0.0/closed_common.yaml
INFO -  Compliance checks: training_6.0.0/closed_dlrm_dcnv2.yaml
INFO - ------------------------------
INFO - Run 8/10
INFO - Running compliance on file: /data/training_v6.0/GigaComputing/results/G894-SD3-AAX7_hugectr/dlrm_dcnv2/result_7.txt
INFO -  Compliance checks: training_6.0.0/common.yaml
INFO -  Compliance checks: training_6.0.0/closed_common.yaml
INFO -  Compliance checks: training_6.0.0/closed_dlrm_dcnv2.yaml
INFO - ------------------------------
INFO - Run 9/10
INFO - Running compliance on file: /data/training_v6.0/GigaComputing/results/G894-SD3-AAX7_hugectr/dlrm_dcnv2/result_8.txt
INFO -  Compliance checks: training_6.0.0/common.yaml
INFO -  Compliance checks: training_6.0.0/closed_common.yaml
INFO -  Compliance checks: training_6.0.0/closed_dlrm_dcnv2.yaml
INFO - ------------------------------
INFO - Run 10/10
INFO - Running compliance on file: /data/training_v6.0/GigaComputing/results/G894-SD3-AAX7_hugectr/dlrm_dcnv2/result_9.txt
INFO -  Compliance checks: training_6.0.0/common.yaml
INFO -  Compliance checks: training_6.0.0/closed_common.yaml
INFO -  Compliance checks: training_6.0.0/closed_dlrm_dcnv2.yaml
INFO - ------------------------------
INFO -  Running Seed Checker
INFO - ------------------------------
INFO -  Running RCP Checker, pass: pruned_rcps
INFO - ------------------------------
INFO -  RCP Record: {'Benchmark': 'dlrm_dcnv2', 'BS': 65536, 'Hyperparams': {}, 'Epochs to converge': [], 'RCP Mean': 0.7807126120619396, 'RCP Stdev': 0.05026602410867687, 'Max Speedup': 1.048173501375472, 'Min Epochs': 0.7448314721154893}
INFO -  Submission mean epochs: 0.7750
INFO -  Submission mean epochs faster than RCP mean but within max speedup range. Score should be normalized by factor of 0.7807126120619396 / 0.775 = 1.0073711123379867
INFO -  Results scaling set to normalization factor of 1.0074
INFO - RCP Test Passed: RCP Interpolation
INFO - ------------------------------
INFO - ------------------------------
INFO -  Running compliance checks in dir /data/training_v6.0/GigaComputing/results/G894-SD3-AAX7_pytorch/llama2_70b_lora
INFO -  System G894-SD3-AAX7_pytorch
INFO -  Benchmark llama2_70b_lora
INFO - ------------------------------
INFO - ------------------------------
INFO - Run 1/10
INFO - Running compliance on file: /data/training_v6.0/GigaComputing/results/G894-SD3-AAX7_pytorch/llama2_70b_lora/result_0.txt
INFO -  Compliance checks: training_6.0.0/common.yaml
INFO -  Compliance checks: training_6.0.0/closed_common.yaml
INFO -  Compliance checks: training_6.0.0/closed_llama2_70b_lora.yaml
INFO - ------------------------------
INFO - Run 2/10
INFO - Running compliance on file: /data/training_v6.0/GigaComputing/results/G894-SD3-AAX7_pytorch/llama2_70b_lora/result_1.txt
INFO -  Compliance checks: training_6.0.0/common.yaml
INFO -  Compliance checks: training_6.0.0/closed_common.yaml
INFO -  Compliance checks: training_6.0.0/closed_llama2_70b_lora.yaml
INFO - ------------------------------
INFO - Run 3/10
INFO - Running compliance on file: /data/training_v6.0/GigaComputing/results/G894-SD3-AAX7_pytorch/llama2_70b_lora/result_2.txt
INFO -  Compliance checks: training_6.0.0/common.yaml
INFO -  Compliance checks: training_6.0.0/closed_common.yaml
INFO -  Compliance checks: training_6.0.0/closed_llama2_70b_lora.yaml
INFO - ------------------------------
INFO - Run 4/10
INFO - Running compliance on file: /data/training_v6.0/GigaComputing/results/G894-SD3-AAX7_pytorch/llama2_70b_lora/result_3.txt
INFO -  Compliance checks: training_6.0.0/common.yaml
INFO -  Compliance checks: training_6.0.0/closed_common.yaml
INFO -  Compliance checks: training_6.0.0/closed_llama2_70b_lora.yaml
INFO - ------------------------------
INFO - Run 5/10
INFO - Running compliance on file: /data/training_v6.0/GigaComputing/results/G894-SD3-AAX7_pytorch/llama2_70b_lora/result_4.txt
INFO -  Compliance checks: training_6.0.0/common.yaml
INFO -  Compliance checks: training_6.0.0/closed_common.yaml
INFO -  Compliance checks: training_6.0.0/closed_llama2_70b_lora.yaml
INFO - ------------------------------
INFO - Run 6/10
INFO - Running compliance on file: /data/training_v6.0/GigaComputing/results/G894-SD3-AAX7_pytorch/llama2_70b_lora/result_5.txt
INFO -  Compliance checks: training_6.0.0/common.yaml
INFO -  Compliance checks: training_6.0.0/closed_common.yaml
INFO -  Compliance checks: training_6.0.0/closed_llama2_70b_lora.yaml
INFO - ------------------------------
INFO - Run 7/10
INFO - Running compliance on file: /data/training_v6.0/GigaComputing/results/G894-SD3-AAX7_pytorch/llama2_70b_lora/result_6.txt
INFO -  Compliance checks: training_6.0.0/common.yaml
INFO -  Compliance checks: training_6.0.0/closed_common.yaml
INFO -  Compliance checks: training_6.0.0/closed_llama2_70b_lora.yaml
INFO - ------------------------------
INFO - Run 8/10
INFO - Running compliance on file: /data/training_v6.0/GigaComputing/results/G894-SD3-AAX7_pytorch/llama2_70b_lora/result_7.txt
INFO -  Compliance checks: training_6.0.0/common.yaml
INFO -  Compliance checks: training_6.0.0/closed_common.yaml
INFO -  Compliance checks: training_6.0.0/closed_llama2_70b_lora.yaml
INFO - ------------------------------
INFO - Run 9/10
INFO - Running compliance on file: /data/training_v6.0/GigaComputing/results/G894-SD3-AAX7_pytorch/llama2_70b_lora/result_8.txt
INFO -  Compliance checks: training_6.0.0/common.yaml
INFO -  Compliance checks: training_6.0.0/closed_common.yaml
INFO -  Compliance checks: training_6.0.0/closed_llama2_70b_lora.yaml
INFO - ------------------------------
INFO - Run 10/10
INFO - Running compliance on file: /data/training_v6.0/GigaComputing/results/G894-SD3-AAX7_pytorch/llama2_70b_lora/result_9.txt
INFO -  Compliance checks: training_6.0.0/common.yaml
INFO -  Compliance checks: training_6.0.0/closed_common.yaml
INFO -  Compliance checks: training_6.0.0/closed_llama2_70b_lora.yaml
INFO - ------------------------------
INFO -  Running Seed Checker
INFO - ------------------------------
INFO -  Running RCP Checker, pass: pruned_rcps
INFO - ------------------------------
INFO -  RCP Record: {'Benchmark': 'llama2_70b_lora', 'BS': 8, 'Hyperparams': {'opt_base_learning_rate': 0.0004, 'opt_max_grad_norm': 0.3, 'opt_learning_rate_warmup_epochs': 0, 'opt_learning_rate_decay_boundary_epochs': [], 'gradient_accumulation_steps': 1, 'lora_r': 16, 'lora_alpha': 32, 'max_steps': 1024}, 'Epochs to converge': [2688, 2688, 2688, 3072, 3072, 3072, 3072, 3072, 3072, 3072, 3072, 3072, 3456, 3456, 3456, 3456, 3456, 3456, 3456, 3840], 'RCP Mean': 3178.6666666666665, 'RCP Stdev': 299.91358755481554, 'Max Speedup': 1.0736439248523562, 'Min Epochs': 2960.6339616775513}
INFO -  Submission mean epochs: 3072.0000
INFO -  Submission mean epochs faster than RCP mean but within max speedup range. Score should be normalized by factor of 3178.6666666666665 / 3072.0 = 1.034722222222222
INFO -  Results scaling set to normalization factor of 1.0347
INFO - RCP Test Passed: RCP found
INFO - ------------------------------
INFO - ------------------------------
INFO -  Running compliance checks in dir /data/training_v6.0/GigaComputing/results/G894-SD3-AAX7_pytorch/llama31_8b
INFO -  System G894-SD3-AAX7_pytorch
INFO -  Benchmark llama31_8b
INFO - ------------------------------
INFO - ------------------------------
INFO - Run 1/10
INFO - Running compliance on file: /data/training_v6.0/GigaComputing/results/G894-SD3-AAX7_pytorch/llama31_8b/result_0.txt
INFO -  Compliance checks: training_6.0.0/common.yaml
INFO -  Compliance checks: training_6.0.0/closed_common.yaml
INFO -  Compliance checks: training_6.0.0/closed_llama31_8b.yaml
INFO - ------------------------------
INFO - Run 2/10
INFO - Running compliance on file: /data/training_v6.0/GigaComputing/results/G894-SD3-AAX7_pytorch/llama31_8b/result_1.txt
INFO -  Compliance checks: training_6.0.0/common.yaml
INFO -  Compliance checks: training_6.0.0/closed_common.yaml
INFO -  Compliance checks: training_6.0.0/closed_llama31_8b.yaml
INFO - ------------------------------
INFO - Run 3/10
INFO - Running compliance on file: /data/training_v6.0/GigaComputing/results/G894-SD3-AAX7_pytorch/llama31_8b/result_2.txt
INFO -  Compliance checks: training_6.0.0/common.yaml
INFO -  Compliance checks: training_6.0.0/closed_common.yaml
INFO -  Compliance checks: training_6.0.0/closed_llama31_8b.yaml
INFO - ------------------------------
INFO - Run 4/10
INFO - Running compliance on file: /data/training_v6.0/GigaComputing/results/G894-SD3-AAX7_pytorch/llama31_8b/result_3.txt
INFO -  Compliance checks: training_6.0.0/common.yaml
INFO -  Compliance checks: training_6.0.0/closed_common.yaml
INFO -  Compliance checks: training_6.0.0/closed_llama31_8b.yaml
INFO - ------------------------------
INFO - Run 5/10
INFO - Running compliance on file: /data/training_v6.0/GigaComputing/results/G894-SD3-AAX7_pytorch/llama31_8b/result_4.txt
INFO -  Compliance checks: training_6.0.0/common.yaml
INFO -  Compliance checks: training_6.0.0/closed_common.yaml
INFO -  Compliance checks: training_6.0.0/closed_llama31_8b.yaml
INFO - ------------------------------
INFO - Run 6/10
INFO - Running compliance on file: /data/training_v6.0/GigaComputing/results/G894-SD3-AAX7_pytorch/llama31_8b/result_5.txt
INFO -  Compliance checks: training_6.0.0/common.yaml
INFO -  Compliance checks: training_6.0.0/closed_common.yaml
INFO -  Compliance checks: training_6.0.0/closed_llama31_8b.yaml
INFO - ------------------------------
INFO - Run 7/10
INFO - Running compliance on file: /data/training_v6.0/GigaComputing/results/G894-SD3-AAX7_pytorch/llama31_8b/result_6.txt
INFO -  Compliance checks: training_6.0.0/common.yaml
INFO -  Compliance checks: training_6.0.0/closed_common.yaml
INFO -  Compliance checks: training_6.0.0/closed_llama31_8b.yaml
INFO - ------------------------------
INFO - Run 8/10
INFO - Running compliance on file: /data/training_v6.0/GigaComputing/results/G894-SD3-AAX7_pytorch/llama31_8b/result_7.txt
INFO -  Compliance checks: training_6.0.0/common.yaml
INFO -  Compliance checks: training_6.0.0/closed_common.yaml
INFO -  Compliance checks: training_6.0.0/closed_llama31_8b.yaml
INFO - ------------------------------
INFO - Run 9/10
INFO - Running compliance on file: /data/training_v6.0/GigaComputing/results/G894-SD3-AAX7_pytorch/llama31_8b/result_8.txt
INFO -  Compliance checks: training_6.0.0/common.yaml
INFO -  Compliance checks: training_6.0.0/closed_common.yaml
INFO -  Compliance checks: training_6.0.0/closed_llama31_8b.yaml
INFO - ------------------------------
INFO - Run 10/10
INFO - Running compliance on file: /data/training_v6.0/GigaComputing/results/G894-SD3-AAX7_pytorch/llama31_8b/result_9.txt
INFO -  Compliance checks: training_6.0.0/common.yaml
INFO -  Compliance checks: training_6.0.0/closed_common.yaml
INFO -  Compliance checks: training_6.0.0/closed_llama31_8b.yaml
INFO - ------------------------------
INFO -  Running Seed Checker
INFO - ------------------------------
INFO -  Running RCP Checker, pass: pruned_rcps
INFO - ------------------------------
INFO -  RCP Record: {'Benchmark': 'llama31_8b', 'BS': 16, 'Hyperparams': {'opt_base_learning_rate': 0.0004, 'opt_learning_rate_warmup_samples': 256, 'gradient_accumulation_steps': 1}, 'Epochs to converge': [159744, 159744, 159744, 159744, 159744, 159744, 159744, 159744, 159744, 159744, 159744, 159744, 159744, 159744, 159744, 159744, 159744, 172032, 172032, 172032], 'RCP Mean': 161109.33333333334, 'RCP Stdev': 4387.693626496726, 'Max Speedup': 1.0201988160016358, 'Min Epochs': 157919.5454909007}
INFO -  Submission mean epochs: 172032.0000
INFO - RCP Test Passed: RCP found
INFO - ------------------------------
INFO - ------------------------------
INFO -  Running compliance checks in dir /data/training_v6.0/GigaComputing/results/G894-SD3-AAX7_pytorch/gpt_oss_20b
INFO -  System G894-SD3-AAX7_pytorch
INFO -  Benchmark gpt_oss_20b
INFO - ------------------------------
INFO - ------------------------------
INFO - Run 1/10
INFO - Running compliance on file: /data/training_v6.0/GigaComputing/results/G894-SD3-AAX7_pytorch/gpt_oss_20b/result_0.txt
INFO -  Compliance checks: training_6.0.0/common.yaml
INFO -  Compliance checks: training_6.0.0/closed_common.yaml
INFO -  Compliance checks: training_6.0.0/closed_gpt_oss_20b.yaml
INFO - ------------------------------
INFO - Run 2/10
INFO - Running compliance on file: /data/training_v6.0/GigaComputing/results/G894-SD3-AAX7_pytorch/gpt_oss_20b/result_1.txt
INFO -  Compliance checks: training_6.0.0/common.yaml
INFO -  Compliance checks: training_6.0.0/closed_common.yaml
INFO -  Compliance checks: training_6.0.0/closed_gpt_oss_20b.yaml
INFO - ------------------------------
INFO - Run 3/10
INFO - Running compliance on file: /data/training_v6.0/GigaComputing/results/G894-SD3-AAX7_pytorch/gpt_oss_20b/result_2.txt
INFO -  Compliance checks: training_6.0.0/common.yaml
INFO -  Compliance checks: training_6.0.0/closed_common.yaml
INFO -  Compliance checks: training_6.0.0/closed_gpt_oss_20b.yaml
INFO - ------------------------------
INFO - Run 4/10
INFO - Running compliance on file: /data/training_v6.0/GigaComputing/results/G894-SD3-AAX7_pytorch/gpt_oss_20b/result_3.txt
INFO -  Compliance checks: training_6.0.0/common.yaml
INFO -  Compliance checks: training_6.0.0/closed_common.yaml
INFO -  Compliance checks: training_6.0.0/closed_gpt_oss_20b.yaml
INFO - ------------------------------
INFO - Run 5/10
INFO - Running compliance on file: /data/training_v6.0/GigaComputing/results/G894-SD3-AAX7_pytorch/gpt_oss_20b/result_4.txt
INFO -  Compliance checks: training_6.0.0/common.yaml
INFO -  Compliance checks: training_6.0.0/closed_common.yaml
INFO -  Compliance checks: training_6.0.0/closed_gpt_oss_20b.yaml
INFO - ------------------------------
INFO - Run 6/10
INFO - Running compliance on file: /data/training_v6.0/GigaComputing/results/G894-SD3-AAX7_pytorch/gpt_oss_20b/result_5.txt
INFO -  Compliance checks: training_6.0.0/common.yaml
INFO -  Compliance checks: training_6.0.0/closed_common.yaml
INFO -  Compliance checks: training_6.0.0/closed_gpt_oss_20b.yaml
INFO - ------------------------------
INFO - Run 7/10
INFO - Running compliance on file: /data/training_v6.0/GigaComputing/results/G894-SD3-AAX7_pytorch/gpt_oss_20b/result_6.txt
INFO -  Compliance checks: training_6.0.0/common.yaml
INFO -  Compliance checks: training_6.0.0/closed_common.yaml
INFO -  Compliance checks: training_6.0.0/closed_gpt_oss_20b.yaml
INFO - ------------------------------
INFO - Run 8/10
INFO - Running compliance on file: /data/training_v6.0/GigaComputing/results/G894-SD3-AAX7_pytorch/gpt_oss_20b/result_7.txt
INFO -  Compliance checks: training_6.0.0/common.yaml
INFO -  Compliance checks: training_6.0.0/closed_common.yaml
INFO -  Compliance checks: training_6.0.0/closed_gpt_oss_20b.yaml
INFO - ------------------------------
INFO - Run 9/10
INFO - Running compliance on file: /data/training_v6.0/GigaComputing/results/G894-SD3-AAX7_pytorch/gpt_oss_20b/result_8.txt
INFO -  Compliance checks: training_6.0.0/common.yaml
INFO -  Compliance checks: training_6.0.0/closed_common.yaml
INFO -  Compliance checks: training_6.0.0/closed_gpt_oss_20b.yaml
INFO - ------------------------------
INFO - Run 10/10
INFO - Running compliance on file: /data/training_v6.0/GigaComputing/results/G894-SD3-AAX7_pytorch/gpt_oss_20b/result_9.txt
INFO -  Compliance checks: training_6.0.0/common.yaml
INFO -  Compliance checks: training_6.0.0/closed_common.yaml
INFO -  Compliance checks: training_6.0.0/closed_gpt_oss_20b.yaml
INFO - ------------------------------
INFO -  Running Seed Checker
INFO - ------------------------------
INFO -  Running RCP Checker, pass: pruned_rcps
INFO - ------------------------------
INFO -  RCP Record: {'Benchmark': 'gpt_oss_20b', 'BS': 24, 'Hyperparams': {}, 'Epochs to converge': [], 'RCP Mean': 212309.33333333334, 'RCP Stdev': 9159.260465576144, 'Max Speedup': 1.0317592672875624, 'Min Epochs': 205774.09873088202}
INFO -  Submission mean epochs: 208896.0000
INFO -  Submission mean epochs faster than RCP mean but within max speedup range. Score should be normalized by factor of 212309.33333333334 / 208896.0 = 1.0163398692810457
INFO -  Results scaling set to normalization factor of 1.0163
INFO - RCP Test Passed: RCP Interpolation
INFO - ------------------------------
INFO - ------------------------------
INFO - PACKAGE CHECKER FOUND NO ERRORS, SUCCESS !
INFO - ------------------------------
