INFO -  Checking System Description Files
INFO -   System description checker passed for D75U-1U_ngpu64
INFO -   System description checker passed for D75H-10U
INFO -   System description checker passed for D75U-1U_ngpu8
INFO - ------------------------------
INFO -  Running compliance checks in dir /home/ctlee/submission-20260515-3/results/D75H-10U/dlrm_dcnv2
INFO -  System D75H-10U
INFO -  Benchmark dlrm_dcnv2
INFO - ------------------------------
INFO - ------------------------------
INFO - Run 1/10
INFO - Running compliance on file: /home/ctlee/submission-20260515-3/results/D75H-10U/dlrm_dcnv2/result_0.txt
INFO -  Compliance checks: training_6.0.0/common.yaml
INFO -  Compliance checks: training_6.0.0/closed_common.yaml
INFO -  Compliance checks: training_6.0.0/closed_dlrm_dcnv2.yaml
INFO - ------------------------------
INFO - Run 2/10
INFO - Running compliance on file: /home/ctlee/submission-20260515-3/results/D75H-10U/dlrm_dcnv2/result_1.txt
INFO -  Compliance checks: training_6.0.0/common.yaml
INFO -  Compliance checks: training_6.0.0/closed_common.yaml
INFO -  Compliance checks: training_6.0.0/closed_dlrm_dcnv2.yaml
INFO - ------------------------------
INFO - Run 3/10
INFO - Running compliance on file: /home/ctlee/submission-20260515-3/results/D75H-10U/dlrm_dcnv2/result_2.txt
INFO -  Compliance checks: training_6.0.0/common.yaml
INFO -  Compliance checks: training_6.0.0/closed_common.yaml
INFO -  Compliance checks: training_6.0.0/closed_dlrm_dcnv2.yaml
INFO - ------------------------------
INFO - Run 4/10
INFO - Running compliance on file: /home/ctlee/submission-20260515-3/results/D75H-10U/dlrm_dcnv2/result_3.txt
INFO -  Compliance checks: training_6.0.0/common.yaml
INFO -  Compliance checks: training_6.0.0/closed_common.yaml
INFO -  Compliance checks: training_6.0.0/closed_dlrm_dcnv2.yaml
INFO - ------------------------------
INFO - Run 5/10
INFO - Running compliance on file: /home/ctlee/submission-20260515-3/results/D75H-10U/dlrm_dcnv2/result_4.txt
INFO -  Compliance checks: training_6.0.0/common.yaml
INFO -  Compliance checks: training_6.0.0/closed_common.yaml
INFO -  Compliance checks: training_6.0.0/closed_dlrm_dcnv2.yaml
INFO - ------------------------------
INFO - Run 6/10
INFO - Running compliance on file: /home/ctlee/submission-20260515-3/results/D75H-10U/dlrm_dcnv2/result_5.txt
INFO -  Compliance checks: training_6.0.0/common.yaml
INFO -  Compliance checks: training_6.0.0/closed_common.yaml
INFO -  Compliance checks: training_6.0.0/closed_dlrm_dcnv2.yaml
INFO - ------------------------------
INFO - Run 7/10
INFO - Running compliance on file: /home/ctlee/submission-20260515-3/results/D75H-10U/dlrm_dcnv2/result_6.txt
INFO -  Compliance checks: training_6.0.0/common.yaml
INFO -  Compliance checks: training_6.0.0/closed_common.yaml
INFO -  Compliance checks: training_6.0.0/closed_dlrm_dcnv2.yaml
INFO - ------------------------------
INFO - Run 8/10
INFO - Running compliance on file: /home/ctlee/submission-20260515-3/results/D75H-10U/dlrm_dcnv2/result_7.txt
INFO -  Compliance checks: training_6.0.0/common.yaml
INFO -  Compliance checks: training_6.0.0/closed_common.yaml
INFO -  Compliance checks: training_6.0.0/closed_dlrm_dcnv2.yaml
INFO - ------------------------------
INFO - Run 9/10
INFO - Running compliance on file: /home/ctlee/submission-20260515-3/results/D75H-10U/dlrm_dcnv2/result_8.txt
INFO -  Compliance checks: training_6.0.0/common.yaml
INFO -  Compliance checks: training_6.0.0/closed_common.yaml
INFO -  Compliance checks: training_6.0.0/closed_dlrm_dcnv2.yaml
INFO - ------------------------------
INFO - Run 10/10
INFO - Running compliance on file: /home/ctlee/submission-20260515-3/results/D75H-10U/dlrm_dcnv2/result_9.txt
INFO -  Compliance checks: training_6.0.0/common.yaml
INFO -  Compliance checks: training_6.0.0/closed_common.yaml
INFO -  Compliance checks: training_6.0.0/closed_dlrm_dcnv2.yaml
INFO - ------------------------------
INFO -  Running Seed Checker
INFO - ------------------------------
INFO -  Running RCP Checker, pass: pruned_rcps
INFO - ------------------------------
INFO -  RCP Record: {'Benchmark': 'dlrm_dcnv2', 'BS': 55296, 'Hyperparams': {'opt_name': 'adagrad', 'opt_base_learning_rate': 0.004, 'opt_adagrad_learning_rate_decay': 0.0, 'opt_adagrad_initial_accumulator_value': 0.0, 'opt_adagrad_epsilon': 1e-08, 'opt_weight_decay': 0.0, 'opt_learning_rate_warmup_steps': 0, 'opt_learning_rate_decay_start_step': 0, 'opt_learning_rate_decay_steps': 0}, 'Epochs to converge': [0.7, 0.7, 0.7, 0.7, 0.7, 0.7, 0.7, 0.7, 0.7, 0.7, 0.75, 0.75, 0.75, 0.75, 0.75, 0.75, 0.75, 0.75, 0.75, 0.75, 0.75, 0.75, 0.75, 0.75, 0.75, 0.75, 0.75, 0.75, 0.75, 0.75, 0.75, 0.75, 0.75, 0.75, 0.75, 0.8, 0.8, 0.8, 0.8, 0.8, 0.8, 0.8, 0.8, 0.8, 0.8, 0.8, 0.9, 0.9, 0.9, 0.9], 'RCP Mean': np.float64(0.7614583333333332), 'RCP Stdev': np.float64(0.0517783738639985), 'Max Speedup': np.float64(1.0454980537298195), 'Min Epochs': np.float64(0.7283211390177406)}
INFO -  Submission mean epochs: 0.7500
INFO -  Submission mean epochs faster than RCP mean but within max speedup range. Score should be normalized by factor of 0.7614583333333332 / 0.75 = 1.0152777777777777
INFO -  Results scaling set to normalization factor of 1.0153
INFO - RCP Test Passed: RCP found
INFO - ------------------------------
INFO - ------------------------------
INFO -  Running compliance checks in dir /home/ctlee/submission-20260515-3/results/D75H-10U/llama2_70b_lora
INFO -  System D75H-10U
INFO -  Benchmark llama2_70b_lora
INFO - ------------------------------
INFO - ------------------------------
INFO - Run 1/10
INFO - Running compliance on file: /home/ctlee/submission-20260515-3/results/D75H-10U/llama2_70b_lora/result_0.txt
INFO -  Compliance checks: training_6.0.0/common.yaml
INFO -  Compliance checks: training_6.0.0/closed_common.yaml
INFO -  Compliance checks: training_6.0.0/closed_llama2_70b_lora.yaml
INFO - ------------------------------
INFO - Run 2/10
INFO - Running compliance on file: /home/ctlee/submission-20260515-3/results/D75H-10U/llama2_70b_lora/result_1.txt
INFO -  Compliance checks: training_6.0.0/common.yaml
INFO -  Compliance checks: training_6.0.0/closed_common.yaml
INFO -  Compliance checks: training_6.0.0/closed_llama2_70b_lora.yaml
INFO - ------------------------------
INFO - Run 3/10
INFO - Running compliance on file: /home/ctlee/submission-20260515-3/results/D75H-10U/llama2_70b_lora/result_2.txt
INFO -  Compliance checks: training_6.0.0/common.yaml
INFO -  Compliance checks: training_6.0.0/closed_common.yaml
INFO -  Compliance checks: training_6.0.0/closed_llama2_70b_lora.yaml
INFO - ------------------------------
INFO - Run 4/10
INFO - Running compliance on file: /home/ctlee/submission-20260515-3/results/D75H-10U/llama2_70b_lora/result_3.txt
INFO -  Compliance checks: training_6.0.0/common.yaml
INFO -  Compliance checks: training_6.0.0/closed_common.yaml
INFO -  Compliance checks: training_6.0.0/closed_llama2_70b_lora.yaml
INFO - ------------------------------
INFO - Run 5/10
INFO - Running compliance on file: /home/ctlee/submission-20260515-3/results/D75H-10U/llama2_70b_lora/result_4.txt
INFO -  Compliance checks: training_6.0.0/common.yaml
INFO -  Compliance checks: training_6.0.0/closed_common.yaml
INFO -  Compliance checks: training_6.0.0/closed_llama2_70b_lora.yaml
INFO - ------------------------------
INFO - Run 6/10
INFO - Running compliance on file: /home/ctlee/submission-20260515-3/results/D75H-10U/llama2_70b_lora/result_5.txt
INFO -  Compliance checks: training_6.0.0/common.yaml
INFO -  Compliance checks: training_6.0.0/closed_common.yaml
INFO -  Compliance checks: training_6.0.0/closed_llama2_70b_lora.yaml
INFO - ------------------------------
INFO - Run 7/10
INFO - Running compliance on file: /home/ctlee/submission-20260515-3/results/D75H-10U/llama2_70b_lora/result_6.txt
INFO -  Compliance checks: training_6.0.0/common.yaml
INFO -  Compliance checks: training_6.0.0/closed_common.yaml
INFO -  Compliance checks: training_6.0.0/closed_llama2_70b_lora.yaml
INFO - ------------------------------
INFO - Run 8/10
INFO - Running compliance on file: /home/ctlee/submission-20260515-3/results/D75H-10U/llama2_70b_lora/result_7.txt
INFO -  Compliance checks: training_6.0.0/common.yaml
INFO -  Compliance checks: training_6.0.0/closed_common.yaml
INFO -  Compliance checks: training_6.0.0/closed_llama2_70b_lora.yaml
INFO - ------------------------------
INFO - Run 9/10
INFO - Running compliance on file: /home/ctlee/submission-20260515-3/results/D75H-10U/llama2_70b_lora/result_8.txt
INFO -  Compliance checks: training_6.0.0/common.yaml
INFO -  Compliance checks: training_6.0.0/closed_common.yaml
INFO -  Compliance checks: training_6.0.0/closed_llama2_70b_lora.yaml
INFO - ------------------------------
INFO - Run 10/10
INFO - Running compliance on file: /home/ctlee/submission-20260515-3/results/D75H-10U/llama2_70b_lora/result_9.txt
INFO -  Compliance checks: training_6.0.0/common.yaml
INFO -  Compliance checks: training_6.0.0/closed_common.yaml
INFO -  Compliance checks: training_6.0.0/closed_llama2_70b_lora.yaml
INFO - ------------------------------
INFO -  Running Seed Checker
INFO - ------------------------------
INFO -  Running RCP Checker, pass: pruned_rcps
INFO - ------------------------------
INFO -  RCP Record: {'Benchmark': 'llama2_70b_lora', 'BS': 8, 'Hyperparams': {'opt_base_learning_rate': 0.0004, 'opt_max_grad_norm': 0.3, 'opt_learning_rate_warmup_epochs': 0, 'opt_learning_rate_decay_boundary_epochs': [], 'gradient_accumulation_steps': 1, 'lora_r': 16, 'lora_alpha': 32, 'max_steps': 1024}, 'Epochs to converge': [2688, 2688, 2688, 3072, 3072, 3072, 3072, 3072, 3072, 3072, 3072, 3072, 3456, 3456, 3456, 3456, 3456, 3456, 3456, 3840], 'RCP Mean': np.float64(3178.6666666666665), 'RCP Stdev': np.float64(299.91358755481554), 'Max Speedup': np.float64(1.0736439248523562), 'Min Epochs': np.float64(2960.6339616775513)}
INFO -  Submission mean epochs: 3264.0000
INFO - RCP Test Passed: RCP found
INFO - ------------------------------
INFO - ------------------------------
INFO -  Running compliance checks in dir /home/ctlee/submission-20260515-3/results/D75H-10U/llama31_8b
INFO -  System D75H-10U
INFO -  Benchmark llama31_8b
INFO - ------------------------------
INFO - ------------------------------
INFO - Run 1/10
INFO - Running compliance on file: /home/ctlee/submission-20260515-3/results/D75H-10U/llama31_8b/result_0.txt
INFO -  Compliance checks: training_6.0.0/common.yaml
INFO -  Compliance checks: training_6.0.0/closed_common.yaml
INFO -  Compliance checks: training_6.0.0/closed_llama31_8b.yaml
INFO - ------------------------------
INFO - Run 2/10
INFO - Running compliance on file: /home/ctlee/submission-20260515-3/results/D75H-10U/llama31_8b/result_1.txt
INFO -  Compliance checks: training_6.0.0/common.yaml
INFO -  Compliance checks: training_6.0.0/closed_common.yaml
INFO -  Compliance checks: training_6.0.0/closed_llama31_8b.yaml
INFO - ------------------------------
INFO - Run 3/10
INFO - Running compliance on file: /home/ctlee/submission-20260515-3/results/D75H-10U/llama31_8b/result_2.txt
INFO -  Compliance checks: training_6.0.0/common.yaml
INFO -  Compliance checks: training_6.0.0/closed_common.yaml
INFO -  Compliance checks: training_6.0.0/closed_llama31_8b.yaml
INFO - ------------------------------
INFO - Run 4/10
INFO - Running compliance on file: /home/ctlee/submission-20260515-3/results/D75H-10U/llama31_8b/result_3.txt
INFO -  Compliance checks: training_6.0.0/common.yaml
INFO -  Compliance checks: training_6.0.0/closed_common.yaml
INFO -  Compliance checks: training_6.0.0/closed_llama31_8b.yaml
INFO - ------------------------------
INFO - Run 5/10
INFO - Running compliance on file: /home/ctlee/submission-20260515-3/results/D75H-10U/llama31_8b/result_4.txt
INFO -  Compliance checks: training_6.0.0/common.yaml
INFO -  Compliance checks: training_6.0.0/closed_common.yaml
INFO -  Compliance checks: training_6.0.0/closed_llama31_8b.yaml
INFO - ------------------------------
INFO - Run 6/10
INFO - Running compliance on file: /home/ctlee/submission-20260515-3/results/D75H-10U/llama31_8b/result_5.txt
INFO -  Compliance checks: training_6.0.0/common.yaml
INFO -  Compliance checks: training_6.0.0/closed_common.yaml
INFO -  Compliance checks: training_6.0.0/closed_llama31_8b.yaml
INFO - ------------------------------
INFO - Run 7/10
INFO - Running compliance on file: /home/ctlee/submission-20260515-3/results/D75H-10U/llama31_8b/result_6.txt
INFO -  Compliance checks: training_6.0.0/common.yaml
INFO -  Compliance checks: training_6.0.0/closed_common.yaml
INFO -  Compliance checks: training_6.0.0/closed_llama31_8b.yaml
INFO - ------------------------------
INFO - Run 8/10
INFO - Running compliance on file: /home/ctlee/submission-20260515-3/results/D75H-10U/llama31_8b/result_7.txt
INFO -  Compliance checks: training_6.0.0/common.yaml
INFO -  Compliance checks: training_6.0.0/closed_common.yaml
INFO -  Compliance checks: training_6.0.0/closed_llama31_8b.yaml
INFO - ------------------------------
INFO - Run 9/10
INFO - Running compliance on file: /home/ctlee/submission-20260515-3/results/D75H-10U/llama31_8b/result_8.txt
INFO -  Compliance checks: training_6.0.0/common.yaml
INFO -  Compliance checks: training_6.0.0/closed_common.yaml
INFO -  Compliance checks: training_6.0.0/closed_llama31_8b.yaml
INFO - ------------------------------
INFO - Run 10/10
INFO - Running compliance on file: /home/ctlee/submission-20260515-3/results/D75H-10U/llama31_8b/result_9.txt
INFO -  Compliance checks: training_6.0.0/common.yaml
INFO -  Compliance checks: training_6.0.0/closed_common.yaml
INFO -  Compliance checks: training_6.0.0/closed_llama31_8b.yaml
INFO - ------------------------------
INFO -  Running Seed Checker
INFO - ------------------------------
INFO -  Running RCP Checker, pass: pruned_rcps
INFO - ------------------------------
INFO -  RCP Record: {'Benchmark': 'llama31_8b', 'BS': 16, 'Hyperparams': {'opt_base_learning_rate': 0.0004, 'opt_learning_rate_warmup_samples': 256, 'gradient_accumulation_steps': 1}, 'Epochs to converge': [159744, 159744, 159744, 159744, 159744, 159744, 159744, 159744, 159744, 159744, 159744, 159744, 159744, 159744, 159744, 159744, 159744, 172032, 172032, 172032], 'RCP Mean': np.float64(161109.33333333334), 'RCP Stdev': np.float64(4387.693626496726), 'Max Speedup': np.float64(1.0201988160016358), 'Min Epochs': np.float64(157919.5454909007)}
INFO -  Submission mean epochs: 176640.0000
INFO - RCP Test Passed: RCP found
INFO - ------------------------------
INFO - ------------------------------
INFO -  Running compliance checks in dir /home/ctlee/submission-20260515-3/results/D75H-10U/gpt_oss_20b
INFO -  System D75H-10U
INFO -  Benchmark gpt_oss_20b
INFO - ------------------------------
INFO - ------------------------------
INFO - Run 1/10
INFO - Running compliance on file: /home/ctlee/submission-20260515-3/results/D75H-10U/gpt_oss_20b/result_0.txt
INFO -  Compliance checks: training_6.0.0/common.yaml
INFO -  Compliance checks: training_6.0.0/closed_common.yaml
INFO -  Compliance checks: training_6.0.0/closed_gpt_oss_20b.yaml
INFO - ------------------------------
INFO - Run 2/10
INFO - Running compliance on file: /home/ctlee/submission-20260515-3/results/D75H-10U/gpt_oss_20b/result_1.txt
INFO -  Compliance checks: training_6.0.0/common.yaml
INFO -  Compliance checks: training_6.0.0/closed_common.yaml
INFO -  Compliance checks: training_6.0.0/closed_gpt_oss_20b.yaml
INFO - ------------------------------
INFO - Run 3/10
INFO - Running compliance on file: /home/ctlee/submission-20260515-3/results/D75H-10U/gpt_oss_20b/result_2.txt
INFO -  Compliance checks: training_6.0.0/common.yaml
INFO -  Compliance checks: training_6.0.0/closed_common.yaml
INFO -  Compliance checks: training_6.0.0/closed_gpt_oss_20b.yaml
INFO - ------------------------------
INFO - Run 4/10
INFO - Running compliance on file: /home/ctlee/submission-20260515-3/results/D75H-10U/gpt_oss_20b/result_3.txt
INFO -  Compliance checks: training_6.0.0/common.yaml
INFO -  Compliance checks: training_6.0.0/closed_common.yaml
INFO -  Compliance checks: training_6.0.0/closed_gpt_oss_20b.yaml
INFO - ------------------------------
INFO - Run 5/10
INFO - Running compliance on file: /home/ctlee/submission-20260515-3/results/D75H-10U/gpt_oss_20b/result_4.txt
INFO -  Compliance checks: training_6.0.0/common.yaml
INFO -  Compliance checks: training_6.0.0/closed_common.yaml
INFO -  Compliance checks: training_6.0.0/closed_gpt_oss_20b.yaml
INFO - ------------------------------
INFO - Run 6/10
INFO - Running compliance on file: /home/ctlee/submission-20260515-3/results/D75H-10U/gpt_oss_20b/result_5.txt
INFO -  Compliance checks: training_6.0.0/common.yaml
INFO -  Compliance checks: training_6.0.0/closed_common.yaml
INFO -  Compliance checks: training_6.0.0/closed_gpt_oss_20b.yaml
INFO - ------------------------------
INFO - Run 7/10
INFO - Running compliance on file: /home/ctlee/submission-20260515-3/results/D75H-10U/gpt_oss_20b/result_6.txt
INFO -  Compliance checks: training_6.0.0/common.yaml
INFO -  Compliance checks: training_6.0.0/closed_common.yaml
INFO -  Compliance checks: training_6.0.0/closed_gpt_oss_20b.yaml
INFO - ------------------------------
INFO - Run 8/10
INFO - Running compliance on file: /home/ctlee/submission-20260515-3/results/D75H-10U/gpt_oss_20b/result_7.txt
INFO -  Compliance checks: training_6.0.0/common.yaml
INFO -  Compliance checks: training_6.0.0/closed_common.yaml
INFO -  Compliance checks: training_6.0.0/closed_gpt_oss_20b.yaml
INFO - ------------------------------
INFO - Run 9/10
INFO - Running compliance on file: /home/ctlee/submission-20260515-3/results/D75H-10U/gpt_oss_20b/result_8.txt
INFO -  Compliance checks: training_6.0.0/common.yaml
INFO -  Compliance checks: training_6.0.0/closed_common.yaml
INFO -  Compliance checks: training_6.0.0/closed_gpt_oss_20b.yaml
INFO - ------------------------------
INFO - Run 10/10
INFO - Running compliance on file: /home/ctlee/submission-20260515-3/results/D75H-10U/gpt_oss_20b/result_9.txt
INFO -  Compliance checks: training_6.0.0/common.yaml
INFO -  Compliance checks: training_6.0.0/closed_common.yaml
INFO -  Compliance checks: training_6.0.0/closed_gpt_oss_20b.yaml
INFO - ------------------------------
INFO -  Running Seed Checker
INFO - ------------------------------
INFO -  Running RCP Checker, pass: pruned_rcps
INFO - ------------------------------
INFO -  RCP Record: {'Benchmark': 'gpt_oss_20b', 'BS': 24, 'Hyperparams': {}, 'Epochs to converge': [], 'RCP Mean': np.float64(212309.33333333334), 'RCP Stdev': np.float64(9159.260465576144), 'Max Speedup': np.float64(1.0317592672875624), 'Min Epochs': np.float64(205774.09873088202)}
INFO -  Submission mean epochs: 208896.0000
INFO -  Submission mean epochs faster than RCP mean but within max speedup range. Score should be normalized by factor of 212309.33333333334 / 208896.0 = 1.0163398692810457
INFO -  Results scaling set to normalization factor of 1.0163
INFO - RCP Test Passed: RCP Interpolation
INFO - ------------------------------
INFO - ------------------------------
INFO -  Running compliance checks in dir /home/ctlee/submission-20260515-3/results/D75U-1U_ngpu8/gpt_oss_20b
INFO -  System D75U-1U_ngpu8
INFO -  Benchmark gpt_oss_20b
INFO - ------------------------------
INFO - ------------------------------
INFO - Run 1/10
INFO - Running compliance on file: /home/ctlee/submission-20260515-3/results/D75U-1U_ngpu8/gpt_oss_20b/result_0.txt
INFO -  Compliance checks: training_6.0.0/common.yaml
INFO -  Compliance checks: training_6.0.0/closed_common.yaml
INFO -  Compliance checks: training_6.0.0/closed_gpt_oss_20b.yaml
INFO - ------------------------------
INFO - Run 2/10
INFO - Running compliance on file: /home/ctlee/submission-20260515-3/results/D75U-1U_ngpu8/gpt_oss_20b/result_1.txt
INFO -  Compliance checks: training_6.0.0/common.yaml
INFO -  Compliance checks: training_6.0.0/closed_common.yaml
INFO -  Compliance checks: training_6.0.0/closed_gpt_oss_20b.yaml
INFO - ------------------------------
INFO - Run 3/10
INFO - Running compliance on file: /home/ctlee/submission-20260515-3/results/D75U-1U_ngpu8/gpt_oss_20b/result_2.txt
INFO -  Compliance checks: training_6.0.0/common.yaml
INFO -  Compliance checks: training_6.0.0/closed_common.yaml
INFO -  Compliance checks: training_6.0.0/closed_gpt_oss_20b.yaml
INFO - ------------------------------
INFO - Run 4/10
INFO - Running compliance on file: /home/ctlee/submission-20260515-3/results/D75U-1U_ngpu8/gpt_oss_20b/result_3.txt
INFO -  Compliance checks: training_6.0.0/common.yaml
INFO -  Compliance checks: training_6.0.0/closed_common.yaml
INFO -  Compliance checks: training_6.0.0/closed_gpt_oss_20b.yaml
INFO - ------------------------------
INFO - Run 5/10
INFO - Running compliance on file: /home/ctlee/submission-20260515-3/results/D75U-1U_ngpu8/gpt_oss_20b/result_4.txt
INFO -  Compliance checks: training_6.0.0/common.yaml
INFO -  Compliance checks: training_6.0.0/closed_common.yaml
INFO -  Compliance checks: training_6.0.0/closed_gpt_oss_20b.yaml
INFO - ------------------------------
INFO - Run 6/10
INFO - Running compliance on file: /home/ctlee/submission-20260515-3/results/D75U-1U_ngpu8/gpt_oss_20b/result_5.txt
INFO -  Compliance checks: training_6.0.0/common.yaml
INFO -  Compliance checks: training_6.0.0/closed_common.yaml
INFO -  Compliance checks: training_6.0.0/closed_gpt_oss_20b.yaml
INFO - ------------------------------
INFO - Run 7/10
INFO - Running compliance on file: /home/ctlee/submission-20260515-3/results/D75U-1U_ngpu8/gpt_oss_20b/result_6.txt
INFO -  Compliance checks: training_6.0.0/common.yaml
INFO -  Compliance checks: training_6.0.0/closed_common.yaml
INFO -  Compliance checks: training_6.0.0/closed_gpt_oss_20b.yaml
INFO - ------------------------------
INFO - Run 8/10
INFO - Running compliance on file: /home/ctlee/submission-20260515-3/results/D75U-1U_ngpu8/gpt_oss_20b/result_7.txt
INFO -  Compliance checks: training_6.0.0/common.yaml
INFO -  Compliance checks: training_6.0.0/closed_common.yaml
INFO -  Compliance checks: training_6.0.0/closed_gpt_oss_20b.yaml
INFO - ------------------------------
INFO - Run 9/10
INFO - Running compliance on file: /home/ctlee/submission-20260515-3/results/D75U-1U_ngpu8/gpt_oss_20b/result_8.txt
INFO -  Compliance checks: training_6.0.0/common.yaml
INFO -  Compliance checks: training_6.0.0/closed_common.yaml
INFO -  Compliance checks: training_6.0.0/closed_gpt_oss_20b.yaml
INFO - ------------------------------
INFO - Run 10/10
INFO - Running compliance on file: /home/ctlee/submission-20260515-3/results/D75U-1U_ngpu8/gpt_oss_20b/result_9.txt
INFO -  Compliance checks: training_6.0.0/common.yaml
INFO -  Compliance checks: training_6.0.0/closed_common.yaml
INFO -  Compliance checks: training_6.0.0/closed_gpt_oss_20b.yaml
INFO - ------------------------------
INFO -  Running Seed Checker
INFO - ------------------------------
INFO -  Running RCP Checker, pass: pruned_rcps
INFO - ------------------------------
INFO -  RCP Record: {'Benchmark': 'gpt_oss_20b', 'BS': 24, 'Hyperparams': {}, 'Epochs to converge': [], 'RCP Mean': np.float64(212309.33333333334), 'RCP Stdev': np.float64(9159.260465576144), 'Max Speedup': np.float64(1.0317592672875624), 'Min Epochs': np.float64(205774.09873088202)}
INFO -  Submission mean epochs: 211968.0000
INFO -  Submission mean epochs faster than RCP mean but within max speedup range. Score should be normalized by factor of 212309.33333333334 / 211968.0 = 1.001610305958132
INFO -  Results scaling set to normalization factor of 1.0016
INFO - RCP Test Passed: RCP Interpolation
INFO - ------------------------------
INFO - ------------------------------
INFO -  Running compliance checks in dir /home/ctlee/submission-20260515-3/results/D75U-1U_ngpu8/dlrm_dcnv2
INFO -  System D75U-1U_ngpu8
INFO -  Benchmark dlrm_dcnv2
INFO - ------------------------------
INFO - ------------------------------
INFO - Run 1/10
INFO - Running compliance on file: /home/ctlee/submission-20260515-3/results/D75U-1U_ngpu8/dlrm_dcnv2/result_0.txt
INFO -  Compliance checks: training_6.0.0/common.yaml
INFO -  Compliance checks: training_6.0.0/closed_common.yaml
INFO -  Compliance checks: training_6.0.0/closed_dlrm_dcnv2.yaml
INFO - ------------------------------
INFO - Run 2/10
INFO - Running compliance on file: /home/ctlee/submission-20260515-3/results/D75U-1U_ngpu8/dlrm_dcnv2/result_1.txt
INFO -  Compliance checks: training_6.0.0/common.yaml
INFO -  Compliance checks: training_6.0.0/closed_common.yaml
INFO -  Compliance checks: training_6.0.0/closed_dlrm_dcnv2.yaml
INFO - ------------------------------
INFO - Run 3/10
INFO - Running compliance on file: /home/ctlee/submission-20260515-3/results/D75U-1U_ngpu8/dlrm_dcnv2/result_2.txt
INFO -  Compliance checks: training_6.0.0/common.yaml
INFO -  Compliance checks: training_6.0.0/closed_common.yaml
INFO -  Compliance checks: training_6.0.0/closed_dlrm_dcnv2.yaml
INFO - ------------------------------
INFO - Run 4/10
INFO - Running compliance on file: /home/ctlee/submission-20260515-3/results/D75U-1U_ngpu8/dlrm_dcnv2/result_3.txt
INFO -  Compliance checks: training_6.0.0/common.yaml
INFO -  Compliance checks: training_6.0.0/closed_common.yaml
INFO -  Compliance checks: training_6.0.0/closed_dlrm_dcnv2.yaml
INFO - ------------------------------
INFO - Run 5/10
INFO - Running compliance on file: /home/ctlee/submission-20260515-3/results/D75U-1U_ngpu8/dlrm_dcnv2/result_4.txt
INFO -  Compliance checks: training_6.0.0/common.yaml
INFO -  Compliance checks: training_6.0.0/closed_common.yaml
INFO -  Compliance checks: training_6.0.0/closed_dlrm_dcnv2.yaml
INFO - ------------------------------
INFO - Run 6/10
INFO - Running compliance on file: /home/ctlee/submission-20260515-3/results/D75U-1U_ngpu8/dlrm_dcnv2/result_5.txt
INFO -  Compliance checks: training_6.0.0/common.yaml
INFO -  Compliance checks: training_6.0.0/closed_common.yaml
INFO -  Compliance checks: training_6.0.0/closed_dlrm_dcnv2.yaml
INFO - ------------------------------
INFO - Run 7/10
INFO - Running compliance on file: /home/ctlee/submission-20260515-3/results/D75U-1U_ngpu8/dlrm_dcnv2/result_6.txt
INFO -  Compliance checks: training_6.0.0/common.yaml
INFO -  Compliance checks: training_6.0.0/closed_common.yaml
INFO -  Compliance checks: training_6.0.0/closed_dlrm_dcnv2.yaml
INFO - ------------------------------
INFO - Run 8/10
INFO - Running compliance on file: /home/ctlee/submission-20260515-3/results/D75U-1U_ngpu8/dlrm_dcnv2/result_7.txt
INFO -  Compliance checks: training_6.0.0/common.yaml
INFO -  Compliance checks: training_6.0.0/closed_common.yaml
INFO -  Compliance checks: training_6.0.0/closed_dlrm_dcnv2.yaml
INFO - ------------------------------
INFO - Run 9/10
INFO - Running compliance on file: /home/ctlee/submission-20260515-3/results/D75U-1U_ngpu8/dlrm_dcnv2/result_8.txt
INFO -  Compliance checks: training_6.0.0/common.yaml
INFO -  Compliance checks: training_6.0.0/closed_common.yaml
INFO -  Compliance checks: training_6.0.0/closed_dlrm_dcnv2.yaml
INFO - ------------------------------
INFO - Run 10/10
INFO - Running compliance on file: /home/ctlee/submission-20260515-3/results/D75U-1U_ngpu8/dlrm_dcnv2/result_9.txt
INFO -  Compliance checks: training_6.0.0/common.yaml
INFO -  Compliance checks: training_6.0.0/closed_common.yaml
INFO -  Compliance checks: training_6.0.0/closed_dlrm_dcnv2.yaml
INFO - ------------------------------
INFO -  Running Seed Checker
INFO - ------------------------------
INFO -  Running RCP Checker, pass: pruned_rcps
INFO - ------------------------------
INFO -  RCP Record: {'Benchmark': 'dlrm_dcnv2', 'BS': 55296, 'Hyperparams': {'opt_name': 'adagrad', 'opt_base_learning_rate': 0.004, 'opt_adagrad_learning_rate_decay': 0.0, 'opt_adagrad_initial_accumulator_value': 0.0, 'opt_adagrad_epsilon': 1e-08, 'opt_weight_decay': 0.0, 'opt_learning_rate_warmup_steps': 0, 'opt_learning_rate_decay_start_step': 0, 'opt_learning_rate_decay_steps': 0}, 'Epochs to converge': [0.7, 0.7, 0.7, 0.7, 0.7, 0.7, 0.7, 0.7, 0.7, 0.7, 0.75, 0.75, 0.75, 0.75, 0.75, 0.75, 0.75, 0.75, 0.75, 0.75, 0.75, 0.75, 0.75, 0.75, 0.75, 0.75, 0.75, 0.75, 0.75, 0.75, 0.75, 0.75, 0.75, 0.75, 0.75, 0.8, 0.8, 0.8, 0.8, 0.8, 0.8, 0.8, 0.8, 0.8, 0.8, 0.8, 0.9, 0.9, 0.9, 0.9], 'RCP Mean': np.float64(0.7614583333333332), 'RCP Stdev': np.float64(0.0517783738639985), 'Max Speedup': np.float64(1.0454980537298195), 'Min Epochs': np.float64(0.7283211390177406)}
INFO -  Submission mean epochs: 0.7375
INFO -  Submission mean epochs faster than RCP mean but within max speedup range. Score should be normalized by factor of 0.7614583333333332 / 0.7375 = 1.0324858757062145
INFO -  Results scaling set to normalization factor of 1.0325
INFO - RCP Test Passed: RCP found
INFO - ------------------------------
INFO - ------------------------------
INFO -  Running compliance checks in dir /home/ctlee/submission-20260515-3/results/D75U-1U_ngpu8/llama2_70b_lora
INFO -  System D75U-1U_ngpu8
INFO -  Benchmark llama2_70b_lora
INFO - ------------------------------
INFO - ------------------------------
INFO - Run 1/10
INFO - Running compliance on file: /home/ctlee/submission-20260515-3/results/D75U-1U_ngpu8/llama2_70b_lora/result_0.txt
INFO -  Compliance checks: training_6.0.0/common.yaml
INFO -  Compliance checks: training_6.0.0/closed_common.yaml
INFO -  Compliance checks: training_6.0.0/closed_llama2_70b_lora.yaml
INFO - ------------------------------
INFO - Run 2/10
INFO - Running compliance on file: /home/ctlee/submission-20260515-3/results/D75U-1U_ngpu8/llama2_70b_lora/result_1.txt
INFO -  Compliance checks: training_6.0.0/common.yaml
INFO -  Compliance checks: training_6.0.0/closed_common.yaml
INFO -  Compliance checks: training_6.0.0/closed_llama2_70b_lora.yaml
INFO - ------------------------------
INFO - Run 3/10
INFO - Running compliance on file: /home/ctlee/submission-20260515-3/results/D75U-1U_ngpu8/llama2_70b_lora/result_2.txt
INFO -  Compliance checks: training_6.0.0/common.yaml
INFO -  Compliance checks: training_6.0.0/closed_common.yaml
INFO -  Compliance checks: training_6.0.0/closed_llama2_70b_lora.yaml
INFO - ------------------------------
INFO - Run 4/10
INFO - Running compliance on file: /home/ctlee/submission-20260515-3/results/D75U-1U_ngpu8/llama2_70b_lora/result_3.txt
INFO -  Compliance checks: training_6.0.0/common.yaml
INFO -  Compliance checks: training_6.0.0/closed_common.yaml
INFO -  Compliance checks: training_6.0.0/closed_llama2_70b_lora.yaml
INFO - ------------------------------
INFO - Run 5/10
INFO - Running compliance on file: /home/ctlee/submission-20260515-3/results/D75U-1U_ngpu8/llama2_70b_lora/result_4.txt
INFO -  Compliance checks: training_6.0.0/common.yaml
INFO -  Compliance checks: training_6.0.0/closed_common.yaml
INFO -  Compliance checks: training_6.0.0/closed_llama2_70b_lora.yaml
INFO - ------------------------------
INFO - Run 6/10
INFO - Running compliance on file: /home/ctlee/submission-20260515-3/results/D75U-1U_ngpu8/llama2_70b_lora/result_5.txt
INFO -  Compliance checks: training_6.0.0/common.yaml
INFO -  Compliance checks: training_6.0.0/closed_common.yaml
INFO -  Compliance checks: training_6.0.0/closed_llama2_70b_lora.yaml
INFO - ------------------------------
INFO - Run 7/10
INFO - Running compliance on file: /home/ctlee/submission-20260515-3/results/D75U-1U_ngpu8/llama2_70b_lora/result_6.txt
INFO -  Compliance checks: training_6.0.0/common.yaml
INFO -  Compliance checks: training_6.0.0/closed_common.yaml
INFO -  Compliance checks: training_6.0.0/closed_llama2_70b_lora.yaml
INFO - ------------------------------
INFO - Run 8/10
INFO - Running compliance on file: /home/ctlee/submission-20260515-3/results/D75U-1U_ngpu8/llama2_70b_lora/result_7.txt
INFO -  Compliance checks: training_6.0.0/common.yaml
INFO -  Compliance checks: training_6.0.0/closed_common.yaml
INFO -  Compliance checks: training_6.0.0/closed_llama2_70b_lora.yaml
INFO - ------------------------------
INFO - Run 9/10
INFO - Running compliance on file: /home/ctlee/submission-20260515-3/results/D75U-1U_ngpu8/llama2_70b_lora/result_8.txt
INFO -  Compliance checks: training_6.0.0/common.yaml
INFO -  Compliance checks: training_6.0.0/closed_common.yaml
INFO -  Compliance checks: training_6.0.0/closed_llama2_70b_lora.yaml
INFO - ------------------------------
INFO - Run 10/10
INFO - Running compliance on file: /home/ctlee/submission-20260515-3/results/D75U-1U_ngpu8/llama2_70b_lora/result_9.txt
INFO -  Compliance checks: training_6.0.0/common.yaml
INFO -  Compliance checks: training_6.0.0/closed_common.yaml
INFO -  Compliance checks: training_6.0.0/closed_llama2_70b_lora.yaml
INFO - ------------------------------
INFO -  Running Seed Checker
INFO - ------------------------------
INFO -  Running RCP Checker, pass: pruned_rcps
INFO - ------------------------------
INFO -  RCP Record: {'Benchmark': 'llama2_70b_lora', 'BS': 8, 'Hyperparams': {'opt_base_learning_rate': 0.0004, 'opt_max_grad_norm': 0.3, 'opt_learning_rate_warmup_epochs': 0, 'opt_learning_rate_decay_boundary_epochs': [], 'gradient_accumulation_steps': 1, 'lora_r': 16, 'lora_alpha': 32, 'max_steps': 1024}, 'Epochs to converge': [2688, 2688, 2688, 3072, 3072, 3072, 3072, 3072, 3072, 3072, 3072, 3072, 3456, 3456, 3456, 3456, 3456, 3456, 3456, 3840], 'RCP Mean': np.float64(3178.6666666666665), 'RCP Stdev': np.float64(299.91358755481554), 'Max Speedup': np.float64(1.0736439248523562), 'Min Epochs': np.float64(2960.6339616775513)}
INFO -  Submission mean epochs: 3120.0000
INFO -  Submission mean epochs faster than RCP mean but within max speedup range. Score should be normalized by factor of 3178.6666666666665 / 3120.0 = 1.0188034188034187
INFO -  Results scaling set to normalization factor of 1.0188
INFO - RCP Test Passed: RCP found
INFO - ------------------------------
INFO - ------------------------------
INFO -  Running compliance checks in dir /home/ctlee/submission-20260515-3/results/D75U-1U_ngpu8/llama31_8b
INFO -  System D75U-1U_ngpu8
INFO -  Benchmark llama31_8b
INFO - ------------------------------
INFO - ------------------------------
INFO - Run 1/10
INFO - Running compliance on file: /home/ctlee/submission-20260515-3/results/D75U-1U_ngpu8/llama31_8b/result_0.txt
INFO -  Compliance checks: training_6.0.0/common.yaml
INFO -  Compliance checks: training_6.0.0/closed_common.yaml
INFO -  Compliance checks: training_6.0.0/closed_llama31_8b.yaml
INFO - ------------------------------
INFO - Run 2/10
INFO - Running compliance on file: /home/ctlee/submission-20260515-3/results/D75U-1U_ngpu8/llama31_8b/result_1.txt
INFO -  Compliance checks: training_6.0.0/common.yaml
INFO -  Compliance checks: training_6.0.0/closed_common.yaml
INFO -  Compliance checks: training_6.0.0/closed_llama31_8b.yaml
INFO - ------------------------------
INFO - Run 3/10
INFO - Running compliance on file: /home/ctlee/submission-20260515-3/results/D75U-1U_ngpu8/llama31_8b/result_2.txt
INFO -  Compliance checks: training_6.0.0/common.yaml
INFO -  Compliance checks: training_6.0.0/closed_common.yaml
INFO -  Compliance checks: training_6.0.0/closed_llama31_8b.yaml
INFO - ------------------------------
INFO - Run 4/10
INFO - Running compliance on file: /home/ctlee/submission-20260515-3/results/D75U-1U_ngpu8/llama31_8b/result_3.txt
INFO -  Compliance checks: training_6.0.0/common.yaml
INFO -  Compliance checks: training_6.0.0/closed_common.yaml
INFO -  Compliance checks: training_6.0.0/closed_llama31_8b.yaml
INFO - ------------------------------
INFO - Run 5/10
INFO - Running compliance on file: /home/ctlee/submission-20260515-3/results/D75U-1U_ngpu8/llama31_8b/result_4.txt
INFO -  Compliance checks: training_6.0.0/common.yaml
INFO -  Compliance checks: training_6.0.0/closed_common.yaml
INFO -  Compliance checks: training_6.0.0/closed_llama31_8b.yaml
INFO - ------------------------------
INFO - Run 6/10
INFO - Running compliance on file: /home/ctlee/submission-20260515-3/results/D75U-1U_ngpu8/llama31_8b/result_5.txt
INFO -  Compliance checks: training_6.0.0/common.yaml
INFO -  Compliance checks: training_6.0.0/closed_common.yaml
INFO -  Compliance checks: training_6.0.0/closed_llama31_8b.yaml
INFO - ------------------------------
INFO - Run 7/10
INFO - Running compliance on file: /home/ctlee/submission-20260515-3/results/D75U-1U_ngpu8/llama31_8b/result_6.txt
INFO -  Compliance checks: training_6.0.0/common.yaml
INFO -  Compliance checks: training_6.0.0/closed_common.yaml
INFO -  Compliance checks: training_6.0.0/closed_llama31_8b.yaml
INFO - ------------------------------
INFO - Run 8/10
INFO - Running compliance on file: /home/ctlee/submission-20260515-3/results/D75U-1U_ngpu8/llama31_8b/result_7.txt
INFO -  Compliance checks: training_6.0.0/common.yaml
INFO -  Compliance checks: training_6.0.0/closed_common.yaml
INFO -  Compliance checks: training_6.0.0/closed_llama31_8b.yaml
INFO - ------------------------------
INFO - Run 9/10
INFO - Running compliance on file: /home/ctlee/submission-20260515-3/results/D75U-1U_ngpu8/llama31_8b/result_8.txt
INFO -  Compliance checks: training_6.0.0/common.yaml
INFO -  Compliance checks: training_6.0.0/closed_common.yaml
INFO -  Compliance checks: training_6.0.0/closed_llama31_8b.yaml
INFO - ------------------------------
INFO - Run 10/10
INFO - Running compliance on file: /home/ctlee/submission-20260515-3/results/D75U-1U_ngpu8/llama31_8b/result_9.txt
INFO -  Compliance checks: training_6.0.0/common.yaml
INFO -  Compliance checks: training_6.0.0/closed_common.yaml
INFO -  Compliance checks: training_6.0.0/closed_llama31_8b.yaml
INFO - ------------------------------
INFO -  Running Seed Checker
INFO - ------------------------------
INFO -  Running RCP Checker, pass: pruned_rcps
INFO - ------------------------------
INFO -  RCP Record: {'Benchmark': 'llama31_8b', 'BS': 16, 'Hyperparams': {'opt_base_learning_rate': 0.0004, 'opt_learning_rate_warmup_samples': 256, 'gradient_accumulation_steps': 1}, 'Epochs to converge': [159744, 159744, 159744, 159744, 159744, 159744, 159744, 159744, 159744, 159744, 159744, 159744, 159744, 159744, 159744, 159744, 159744, 172032, 172032, 172032], 'RCP Mean': np.float64(161109.33333333334), 'RCP Stdev': np.float64(4387.693626496726), 'Max Speedup': np.float64(1.0201988160016358), 'Min Epochs': np.float64(157919.5454909007)}
INFO -  Submission mean epochs: 173568.0000
INFO - RCP Test Passed: RCP found
INFO - ------------------------------
INFO - ------------------------------
INFO -  Running compliance checks in dir /home/ctlee/submission-20260515-3/results/D75U-1U_ngpu64/dlrm_dcnv2
INFO -  System D75U-1U_ngpu64
INFO -  Benchmark dlrm_dcnv2
INFO - ------------------------------
INFO - ------------------------------
INFO - Run 1/10
INFO - Running compliance on file: /home/ctlee/submission-20260515-3/results/D75U-1U_ngpu64/dlrm_dcnv2/result_0.txt
INFO -  Compliance checks: training_6.0.0/common.yaml
INFO -  Compliance checks: training_6.0.0/closed_common.yaml
INFO -  Compliance checks: training_6.0.0/closed_dlrm_dcnv2.yaml
INFO - ------------------------------
INFO - Run 2/10
INFO - Running compliance on file: /home/ctlee/submission-20260515-3/results/D75U-1U_ngpu64/dlrm_dcnv2/result_1.txt
INFO -  Compliance checks: training_6.0.0/common.yaml
INFO -  Compliance checks: training_6.0.0/closed_common.yaml
INFO -  Compliance checks: training_6.0.0/closed_dlrm_dcnv2.yaml
INFO - ------------------------------
INFO - Run 3/10
INFO - Running compliance on file: /home/ctlee/submission-20260515-3/results/D75U-1U_ngpu64/dlrm_dcnv2/result_2.txt
INFO -  Compliance checks: training_6.0.0/common.yaml
INFO -  Compliance checks: training_6.0.0/closed_common.yaml
INFO -  Compliance checks: training_6.0.0/closed_dlrm_dcnv2.yaml
INFO - ------------------------------
INFO - Run 4/10
INFO - Running compliance on file: /home/ctlee/submission-20260515-3/results/D75U-1U_ngpu64/dlrm_dcnv2/result_3.txt
INFO -  Compliance checks: training_6.0.0/common.yaml
INFO -  Compliance checks: training_6.0.0/closed_common.yaml
INFO -  Compliance checks: training_6.0.0/closed_dlrm_dcnv2.yaml
INFO - ------------------------------
INFO - Run 5/10
INFO - Running compliance on file: /home/ctlee/submission-20260515-3/results/D75U-1U_ngpu64/dlrm_dcnv2/result_4.txt
INFO -  Compliance checks: training_6.0.0/common.yaml
INFO -  Compliance checks: training_6.0.0/closed_common.yaml
INFO -  Compliance checks: training_6.0.0/closed_dlrm_dcnv2.yaml
INFO - ------------------------------
INFO - Run 6/10
INFO - Running compliance on file: /home/ctlee/submission-20260515-3/results/D75U-1U_ngpu64/dlrm_dcnv2/result_5.txt
INFO -  Compliance checks: training_6.0.0/common.yaml
INFO -  Compliance checks: training_6.0.0/closed_common.yaml
INFO -  Compliance checks: training_6.0.0/closed_dlrm_dcnv2.yaml
INFO - ------------------------------
INFO - Run 7/10
INFO - Running compliance on file: /home/ctlee/submission-20260515-3/results/D75U-1U_ngpu64/dlrm_dcnv2/result_6.txt
INFO -  Compliance checks: training_6.0.0/common.yaml
INFO -  Compliance checks: training_6.0.0/closed_common.yaml
INFO -  Compliance checks: training_6.0.0/closed_dlrm_dcnv2.yaml
INFO - ------------------------------
INFO - Run 8/10
INFO - Running compliance on file: /home/ctlee/submission-20260515-3/results/D75U-1U_ngpu64/dlrm_dcnv2/result_7.txt
INFO -  Compliance checks: training_6.0.0/common.yaml
INFO -  Compliance checks: training_6.0.0/closed_common.yaml
INFO -  Compliance checks: training_6.0.0/closed_dlrm_dcnv2.yaml
INFO - ------------------------------
INFO - Run 9/10
INFO - Running compliance on file: /home/ctlee/submission-20260515-3/results/D75U-1U_ngpu64/dlrm_dcnv2/result_8.txt
INFO -  Compliance checks: training_6.0.0/common.yaml
INFO -  Compliance checks: training_6.0.0/closed_common.yaml
INFO -  Compliance checks: training_6.0.0/closed_dlrm_dcnv2.yaml
INFO - ------------------------------
INFO - Run 10/10
INFO - Running compliance on file: /home/ctlee/submission-20260515-3/results/D75U-1U_ngpu64/dlrm_dcnv2/result_9.txt
INFO -  Compliance checks: training_6.0.0/common.yaml
INFO -  Compliance checks: training_6.0.0/closed_common.yaml
INFO -  Compliance checks: training_6.0.0/closed_dlrm_dcnv2.yaml
INFO - ------------------------------
INFO -  Running Seed Checker
INFO - ------------------------------
INFO -  Running RCP Checker, pass: pruned_rcps
INFO - ------------------------------
INFO -  RCP Record: {'Benchmark': 'dlrm_dcnv2', 'BS': 135168, 'Hyperparams': {}, 'Epochs to converge': [], 'RCP Mean': np.float64(0.9116417074164629), 'RCP Stdev': np.float64(0.039982045772489816), 'Max Speedup': np.float64(1.0322905837507483), 'Min Epochs': np.float64(0.8831250829626702)}
INFO -  Submission mean epochs: 0.9240
INFO - RCP Test Passed: RCP Interpolation
INFO - ------------------------------
INFO - ------------------------------
INFO -  Running compliance checks in dir /home/ctlee/submission-20260515-3/results/D75U-1U_ngpu64/llama2_70b_lora
INFO -  System D75U-1U_ngpu64
INFO -  Benchmark llama2_70b_lora
INFO - ------------------------------
INFO - ------------------------------
INFO - Run 1/10
INFO - Running compliance on file: /home/ctlee/submission-20260515-3/results/D75U-1U_ngpu64/llama2_70b_lora/result_0.txt
INFO -  Compliance checks: training_6.0.0/common.yaml
INFO -  Compliance checks: training_6.0.0/closed_common.yaml
INFO -  Compliance checks: training_6.0.0/closed_llama2_70b_lora.yaml
INFO - ------------------------------
INFO - Run 2/10
INFO - Running compliance on file: /home/ctlee/submission-20260515-3/results/D75U-1U_ngpu64/llama2_70b_lora/result_1.txt
INFO -  Compliance checks: training_6.0.0/common.yaml
INFO -  Compliance checks: training_6.0.0/closed_common.yaml
INFO -  Compliance checks: training_6.0.0/closed_llama2_70b_lora.yaml
INFO - ------------------------------
INFO - Run 3/10
INFO - Running compliance on file: /home/ctlee/submission-20260515-3/results/D75U-1U_ngpu64/llama2_70b_lora/result_2.txt
INFO -  Compliance checks: training_6.0.0/common.yaml
INFO -  Compliance checks: training_6.0.0/closed_common.yaml
INFO -  Compliance checks: training_6.0.0/closed_llama2_70b_lora.yaml
INFO - ------------------------------
INFO - Run 4/10
INFO - Running compliance on file: /home/ctlee/submission-20260515-3/results/D75U-1U_ngpu64/llama2_70b_lora/result_3.txt
INFO -  Compliance checks: training_6.0.0/common.yaml
INFO -  Compliance checks: training_6.0.0/closed_common.yaml
INFO -  Compliance checks: training_6.0.0/closed_llama2_70b_lora.yaml
INFO - ------------------------------
INFO - Run 5/10
INFO - Running compliance on file: /home/ctlee/submission-20260515-3/results/D75U-1U_ngpu64/llama2_70b_lora/result_4.txt
INFO -  Compliance checks: training_6.0.0/common.yaml
INFO -  Compliance checks: training_6.0.0/closed_common.yaml
INFO -  Compliance checks: training_6.0.0/closed_llama2_70b_lora.yaml
INFO - ------------------------------
INFO - Run 6/10
INFO - Running compliance on file: /home/ctlee/submission-20260515-3/results/D75U-1U_ngpu64/llama2_70b_lora/result_5.txt
INFO -  Compliance checks: training_6.0.0/common.yaml
INFO -  Compliance checks: training_6.0.0/closed_common.yaml
INFO -  Compliance checks: training_6.0.0/closed_llama2_70b_lora.yaml
INFO - ------------------------------
INFO - Run 7/10
INFO - Running compliance on file: /home/ctlee/submission-20260515-3/results/D75U-1U_ngpu64/llama2_70b_lora/result_6.txt
INFO -  Compliance checks: training_6.0.0/common.yaml
INFO -  Compliance checks: training_6.0.0/closed_common.yaml
INFO -  Compliance checks: training_6.0.0/closed_llama2_70b_lora.yaml
INFO - ------------------------------
INFO - Run 8/10
INFO - Running compliance on file: /home/ctlee/submission-20260515-3/results/D75U-1U_ngpu64/llama2_70b_lora/result_7.txt
INFO -  Compliance checks: training_6.0.0/common.yaml
INFO -  Compliance checks: training_6.0.0/closed_common.yaml
INFO -  Compliance checks: training_6.0.0/closed_llama2_70b_lora.yaml
INFO - ------------------------------
INFO - Run 9/10
INFO - Running compliance on file: /home/ctlee/submission-20260515-3/results/D75U-1U_ngpu64/llama2_70b_lora/result_8.txt
INFO -  Compliance checks: training_6.0.0/common.yaml
INFO -  Compliance checks: training_6.0.0/closed_common.yaml
INFO -  Compliance checks: training_6.0.0/closed_llama2_70b_lora.yaml
INFO - ------------------------------
INFO - Run 10/10
INFO - Running compliance on file: /home/ctlee/submission-20260515-3/results/D75U-1U_ngpu64/llama2_70b_lora/result_9.txt
INFO -  Compliance checks: training_6.0.0/common.yaml
INFO -  Compliance checks: training_6.0.0/closed_common.yaml
INFO -  Compliance checks: training_6.0.0/closed_llama2_70b_lora.yaml
INFO - ------------------------------
INFO -  Running Seed Checker
INFO - ------------------------------
INFO -  Running RCP Checker, pass: pruned_rcps
INFO - ------------------------------
INFO -  RCP Record: {'Benchmark': 'llama2_70b_lora', 'BS': 8, 'Hyperparams': {'opt_base_learning_rate': 0.0004, 'opt_max_grad_norm': 0.3, 'opt_learning_rate_warmup_epochs': 0, 'opt_learning_rate_decay_boundary_epochs': [], 'gradient_accumulation_steps': 1, 'lora_r': 16, 'lora_alpha': 32, 'max_steps': 1024}, 'Epochs to converge': [2688, 2688, 2688, 3072, 3072, 3072, 3072, 3072, 3072, 3072, 3072, 3072, 3456, 3456, 3456, 3456, 3456, 3456, 3456, 3840], 'RCP Mean': np.float64(3178.6666666666665), 'RCP Stdev': np.float64(299.91358755481554), 'Max Speedup': np.float64(1.0736439248523562), 'Min Epochs': np.float64(2960.6339616775513)}
INFO -  Submission mean epochs: 3168.0000
INFO -  Submission mean epochs faster than RCP mean but within max speedup range. Score should be normalized by factor of 3178.6666666666665 / 3168.0 = 1.0033670033670032
INFO -  Results scaling set to normalization factor of 1.0034
INFO - RCP Test Passed: RCP found
INFO - ------------------------------
INFO - ------------------------------
INFO -  Running compliance checks in dir /home/ctlee/submission-20260515-3/results/D75U-1U_ngpu64/gpt_oss_20b
INFO -  System D75U-1U_ngpu64
INFO -  Benchmark gpt_oss_20b
INFO - ------------------------------
INFO - ------------------------------
INFO - Run 1/10
INFO - Running compliance on file: /home/ctlee/submission-20260515-3/results/D75U-1U_ngpu64/gpt_oss_20b/result_0.txt
INFO -  Compliance checks: training_6.0.0/common.yaml
INFO -  Compliance checks: training_6.0.0/closed_common.yaml
INFO -  Compliance checks: training_6.0.0/closed_gpt_oss_20b.yaml
INFO - ------------------------------
INFO - Run 2/10
INFO - Running compliance on file: /home/ctlee/submission-20260515-3/results/D75U-1U_ngpu64/gpt_oss_20b/result_1.txt
INFO -  Compliance checks: training_6.0.0/common.yaml
INFO -  Compliance checks: training_6.0.0/closed_common.yaml
INFO -  Compliance checks: training_6.0.0/closed_gpt_oss_20b.yaml
INFO - ------------------------------
INFO - Run 3/10
INFO - Running compliance on file: /home/ctlee/submission-20260515-3/results/D75U-1U_ngpu64/gpt_oss_20b/result_2.txt
INFO -  Compliance checks: training_6.0.0/common.yaml
INFO -  Compliance checks: training_6.0.0/closed_common.yaml
INFO -  Compliance checks: training_6.0.0/closed_gpt_oss_20b.yaml
INFO - ------------------------------
INFO - Run 4/10
INFO - Running compliance on file: /home/ctlee/submission-20260515-3/results/D75U-1U_ngpu64/gpt_oss_20b/result_3.txt
INFO -  Compliance checks: training_6.0.0/common.yaml
INFO -  Compliance checks: training_6.0.0/closed_common.yaml
INFO -  Compliance checks: training_6.0.0/closed_gpt_oss_20b.yaml
INFO - ------------------------------
INFO - Run 5/10
INFO - Running compliance on file: /home/ctlee/submission-20260515-3/results/D75U-1U_ngpu64/gpt_oss_20b/result_4.txt
INFO -  Compliance checks: training_6.0.0/common.yaml
INFO -  Compliance checks: training_6.0.0/closed_common.yaml
INFO -  Compliance checks: training_6.0.0/closed_gpt_oss_20b.yaml
INFO - ------------------------------
INFO - Run 6/10
INFO - Running compliance on file: /home/ctlee/submission-20260515-3/results/D75U-1U_ngpu64/gpt_oss_20b/result_5.txt
INFO -  Compliance checks: training_6.0.0/common.yaml
INFO -  Compliance checks: training_6.0.0/closed_common.yaml
INFO -  Compliance checks: training_6.0.0/closed_gpt_oss_20b.yaml
INFO - ------------------------------
INFO - Run 7/10
INFO - Running compliance on file: /home/ctlee/submission-20260515-3/results/D75U-1U_ngpu64/gpt_oss_20b/result_6.txt
INFO -  Compliance checks: training_6.0.0/common.yaml
INFO -  Compliance checks: training_6.0.0/closed_common.yaml
INFO -  Compliance checks: training_6.0.0/closed_gpt_oss_20b.yaml
INFO - ------------------------------
INFO - Run 8/10
INFO - Running compliance on file: /home/ctlee/submission-20260515-3/results/D75U-1U_ngpu64/gpt_oss_20b/result_7.txt
INFO -  Compliance checks: training_6.0.0/common.yaml
INFO -  Compliance checks: training_6.0.0/closed_common.yaml
INFO -  Compliance checks: training_6.0.0/closed_gpt_oss_20b.yaml
INFO - ------------------------------
INFO - Run 9/10
INFO - Running compliance on file: /home/ctlee/submission-20260515-3/results/D75U-1U_ngpu64/gpt_oss_20b/result_8.txt
INFO -  Compliance checks: training_6.0.0/common.yaml
INFO -  Compliance checks: training_6.0.0/closed_common.yaml
INFO -  Compliance checks: training_6.0.0/closed_gpt_oss_20b.yaml
INFO - ------------------------------
INFO - Run 10/10
INFO - Running compliance on file: /home/ctlee/submission-20260515-3/results/D75U-1U_ngpu64/gpt_oss_20b/result_9.txt
INFO -  Compliance checks: training_6.0.0/common.yaml
INFO -  Compliance checks: training_6.0.0/closed_common.yaml
INFO -  Compliance checks: training_6.0.0/closed_gpt_oss_20b.yaml
INFO - ------------------------------
INFO -  Running Seed Checker
INFO - ------------------------------
INFO -  Running RCP Checker, pass: pruned_rcps
INFO - ------------------------------
INFO -  RCP Record: {'Benchmark': 'gpt_oss_20b', 'BS': 32, 'Hyperparams': {}, 'Epochs to converge': [], 'RCP Mean': np.float64(230058.66666666666), 'RCP Stdev': np.float64(10284.198398418119), 'Max Speedup': np.float64(1.0329465914208624), 'Min Epochs': np.float64(222720.77625060081)}
INFO -  Submission mean epochs: 227788.0000
INFO -  Submission mean epochs faster than RCP mean but within max speedup range. Score should be normalized by factor of 230058.66666666666 / 227788.0 = 1.0099683331284643
INFO -  Results scaling set to normalization factor of 1.0100
INFO - RCP Test Passed: RCP Interpolation
INFO - ------------------------------
INFO - ------------------------------
INFO -  Running compliance checks in dir /home/ctlee/submission-20260515-3/results/D75U-1U_ngpu64/llama31_8b
INFO -  System D75U-1U_ngpu64
INFO -  Benchmark llama31_8b
INFO - ------------------------------
INFO - ------------------------------
INFO - Run 1/10
INFO - Running compliance on file: /home/ctlee/submission-20260515-3/results/D75U-1U_ngpu64/llama31_8b/result_0.txt
INFO -  Compliance checks: training_6.0.0/common.yaml
INFO -  Compliance checks: training_6.0.0/closed_common.yaml
INFO -  Compliance checks: training_6.0.0/closed_llama31_8b.yaml
INFO - ------------------------------
INFO - Run 2/10
INFO - Running compliance on file: /home/ctlee/submission-20260515-3/results/D75U-1U_ngpu64/llama31_8b/result_1.txt
INFO -  Compliance checks: training_6.0.0/common.yaml
INFO -  Compliance checks: training_6.0.0/closed_common.yaml
INFO -  Compliance checks: training_6.0.0/closed_llama31_8b.yaml
INFO - ------------------------------
INFO - Run 3/10
INFO - Running compliance on file: /home/ctlee/submission-20260515-3/results/D75U-1U_ngpu64/llama31_8b/result_2.txt
INFO -  Compliance checks: training_6.0.0/common.yaml
INFO -  Compliance checks: training_6.0.0/closed_common.yaml
INFO -  Compliance checks: training_6.0.0/closed_llama31_8b.yaml
INFO - ------------------------------
INFO - Run 4/10
INFO - Running compliance on file: /home/ctlee/submission-20260515-3/results/D75U-1U_ngpu64/llama31_8b/result_3.txt
INFO -  Compliance checks: training_6.0.0/common.yaml
INFO -  Compliance checks: training_6.0.0/closed_common.yaml
INFO -  Compliance checks: training_6.0.0/closed_llama31_8b.yaml
INFO - ------------------------------
INFO - Run 5/10
INFO - Running compliance on file: /home/ctlee/submission-20260515-3/results/D75U-1U_ngpu64/llama31_8b/result_4.txt
INFO -  Compliance checks: training_6.0.0/common.yaml
INFO -  Compliance checks: training_6.0.0/closed_common.yaml
INFO -  Compliance checks: training_6.0.0/closed_llama31_8b.yaml
INFO - ------------------------------
INFO - Run 6/10
INFO - Running compliance on file: /home/ctlee/submission-20260515-3/results/D75U-1U_ngpu64/llama31_8b/result_5.txt
INFO -  Compliance checks: training_6.0.0/common.yaml
INFO -  Compliance checks: training_6.0.0/closed_common.yaml
INFO -  Compliance checks: training_6.0.0/closed_llama31_8b.yaml
INFO - ------------------------------
INFO - Run 7/10
INFO - Running compliance on file: /home/ctlee/submission-20260515-3/results/D75U-1U_ngpu64/llama31_8b/result_6.txt
INFO -  Compliance checks: training_6.0.0/common.yaml
INFO -  Compliance checks: training_6.0.0/closed_common.yaml
INFO -  Compliance checks: training_6.0.0/closed_llama31_8b.yaml
INFO - ------------------------------
INFO - Run 8/10
INFO - Running compliance on file: /home/ctlee/submission-20260515-3/results/D75U-1U_ngpu64/llama31_8b/result_7.txt
INFO -  Compliance checks: training_6.0.0/common.yaml
INFO -  Compliance checks: training_6.0.0/closed_common.yaml
INFO -  Compliance checks: training_6.0.0/closed_llama31_8b.yaml
INFO - ------------------------------
INFO - Run 9/10
INFO - Running compliance on file: /home/ctlee/submission-20260515-3/results/D75U-1U_ngpu64/llama31_8b/result_8.txt
INFO -  Compliance checks: training_6.0.0/common.yaml
INFO -  Compliance checks: training_6.0.0/closed_common.yaml
INFO -  Compliance checks: training_6.0.0/closed_llama31_8b.yaml
INFO - ------------------------------
INFO - Run 10/10
INFO - Running compliance on file: /home/ctlee/submission-20260515-3/results/D75U-1U_ngpu64/llama31_8b/result_9.txt
INFO -  Compliance checks: training_6.0.0/common.yaml
INFO -  Compliance checks: training_6.0.0/closed_common.yaml
INFO -  Compliance checks: training_6.0.0/closed_llama31_8b.yaml
INFO - ------------------------------
INFO -  Running Seed Checker
INFO - ------------------------------
INFO -  Running RCP Checker, pass: pruned_rcps
INFO - ------------------------------
INFO -  RCP Record: {'Benchmark': 'llama31_8b', 'BS': 64, 'Hyperparams': {'opt_base_learning_rate': 0.0008, 'opt_learning_rate_warmup_samples': 6144, 'gradient_accumulation_steps': 2}, 'Epochs to converge': [208896, 208896, 208896, 208896, 221184, 221184, 221184, 221184, 233472, 233472, 233472, 233472, 233472, 233472, 233472, 233472, 233472, 233472, 233472, 245760], 'RCP Mean': np.float64(226645.33333333334), 'RCP Stdev': np.float64(10623.969156581734), 'Max Speedup': np.float64(1.0352795604804523), 'Min Epochs': np.float64(218921.86611715954)}
INFO -  Submission mean epochs: 233928.0000
INFO - RCP Test Passed: RCP found
INFO - ------------------------------
INFO - ------------------------------
INFO -  Running compliance checks in dir /home/ctlee/submission-20260515-3/results/D75U-1U_ngpu64/flux1
INFO -  System D75U-1U_ngpu64
INFO -  Benchmark flux1
INFO - ------------------------------
INFO - ------------------------------
INFO - Run 1/10
INFO - Running compliance on file: /home/ctlee/submission-20260515-3/results/D75U-1U_ngpu64/flux1/result_0.txt
INFO -  Compliance checks: training_6.0.0/common.yaml
INFO -  Compliance checks: training_6.0.0/closed_common.yaml
INFO -  Compliance checks: training_6.0.0/closed_flux1.yaml
INFO - ------------------------------
INFO - Run 2/10
INFO - Running compliance on file: /home/ctlee/submission-20260515-3/results/D75U-1U_ngpu64/flux1/result_1.txt
INFO -  Compliance checks: training_6.0.0/common.yaml
INFO -  Compliance checks: training_6.0.0/closed_common.yaml
INFO -  Compliance checks: training_6.0.0/closed_flux1.yaml
INFO - ------------------------------
INFO - Run 3/10
INFO - Running compliance on file: /home/ctlee/submission-20260515-3/results/D75U-1U_ngpu64/flux1/result_2.txt
INFO -  Compliance checks: training_6.0.0/common.yaml
INFO -  Compliance checks: training_6.0.0/closed_common.yaml
INFO -  Compliance checks: training_6.0.0/closed_flux1.yaml
INFO - ------------------------------
INFO - Run 4/10
INFO - Running compliance on file: /home/ctlee/submission-20260515-3/results/D75U-1U_ngpu64/flux1/result_3.txt
INFO -  Compliance checks: training_6.0.0/common.yaml
INFO -  Compliance checks: training_6.0.0/closed_common.yaml
INFO -  Compliance checks: training_6.0.0/closed_flux1.yaml
INFO - ------------------------------
INFO - Run 5/10
INFO - Running compliance on file: /home/ctlee/submission-20260515-3/results/D75U-1U_ngpu64/flux1/result_4.txt
INFO -  Compliance checks: training_6.0.0/common.yaml
INFO -  Compliance checks: training_6.0.0/closed_common.yaml
INFO -  Compliance checks: training_6.0.0/closed_flux1.yaml
INFO - ------------------------------
INFO - Run 6/10
INFO - Running compliance on file: /home/ctlee/submission-20260515-3/results/D75U-1U_ngpu64/flux1/result_5.txt
INFO -  Compliance checks: training_6.0.0/common.yaml
INFO -  Compliance checks: training_6.0.0/closed_common.yaml
INFO -  Compliance checks: training_6.0.0/closed_flux1.yaml
INFO - ------------------------------
INFO - Run 7/10
INFO - Running compliance on file: /home/ctlee/submission-20260515-3/results/D75U-1U_ngpu64/flux1/result_6.txt
INFO -  Compliance checks: training_6.0.0/common.yaml
INFO -  Compliance checks: training_6.0.0/closed_common.yaml
INFO -  Compliance checks: training_6.0.0/closed_flux1.yaml
INFO - ------------------------------
INFO - Run 8/10
INFO - Running compliance on file: /home/ctlee/submission-20260515-3/results/D75U-1U_ngpu64/flux1/result_7.txt
INFO -  Compliance checks: training_6.0.0/common.yaml
INFO -  Compliance checks: training_6.0.0/closed_common.yaml
INFO -  Compliance checks: training_6.0.0/closed_flux1.yaml
INFO - ------------------------------
INFO - Run 9/10
INFO - Running compliance on file: /home/ctlee/submission-20260515-3/results/D75U-1U_ngpu64/flux1/result_8.txt
INFO -  Compliance checks: training_6.0.0/common.yaml
INFO -  Compliance checks: training_6.0.0/closed_common.yaml
INFO -  Compliance checks: training_6.0.0/closed_flux1.yaml
INFO - ------------------------------
INFO - Run 10/10
INFO - Running compliance on file: /home/ctlee/submission-20260515-3/results/D75U-1U_ngpu64/flux1/result_9.txt
INFO -  Compliance checks: training_6.0.0/common.yaml
INFO -  Compliance checks: training_6.0.0/closed_common.yaml
INFO -  Compliance checks: training_6.0.0/closed_flux1.yaml
INFO - ------------------------------
INFO -  Running Seed Checker
INFO - ------------------------------
INFO -  Running RCP Checker, pass: pruned_rcps
INFO - ------------------------------
INFO -  RCP Record: {'Benchmark': 'flux1', 'BS': 2048, 'Hyperparams': {'opt_adamw_beta_1': 0.9, 'opt_adamw_beta_2': 0.95, 'opt_adamw_epsilon': 1e-08, 'opt_adamw_weight_decay': 0.1, 'opt_base_learning_rate': 0.00025, 'opt_learning_rate_warmup_steps': 0, 'opt_gradient_clip_norm': 1.0}, 'Epochs to converge': [9437184, 9437184, 9699328, 9699328, 9699328, 9961472, 9961472, 9961472, 9961472, 10223616, 10485760, 10485760, 10485760, 10485760, 10747904, 10747904, 10747904, 11010048, 11534336, 12320768], 'RCP Mean': np.float64(10296433.777777778), 'RCP Stdev': np.float64(700959.5271215022), 'Max Speedup': np.float64(1.0520685717116232), 'Min Epochs': np.float64(9786846.6510946)}
INFO -  Submission mean epochs: 11206656.0000
INFO - RCP Test Passed: RCP found
INFO - ------------------------------
INFO - ------------------------------
INFO - PACKAGE CHECKER FOUND NO ERRORS, SUCCESS !
INFO - ------------------------------
